[2026-05-19T17:07:32.578Z] ━━━━━━━━━━━━━━━━━━━━━━━━━━━━━━━━━━━━━━━━━━━━━━━━━━━━━━━━━━
[2026-05-19T17:07:32.578Z] 🚀 Starting UAP rapid processing (concurrency: 3)
[2026-05-19T17:07:32.578Z] 🔄 Resetting stuck 'processing' videos...
[2026-05-19T17:07:33.010Z]    Reset 10 stuck videos to pending
[2026-05-19T17:07:33.084Z] 📊 Found 3264 pending UAP videos to process
[2026-05-19T17:07:33.084Z]    Log file: /Users/thomaswood/Documents/Antigravity/ProjectProfound/profound-archive/logs/rapid-process_uap_2026-05-19T17-07-32.log
[2026-05-19T17:07:33.084Z] ━━━━━━━━━━━━━━━━━━━━━━━━━━━━━━━━━━━━━━━━━━━━━━━━━━━━━━━━━━
[2026-05-19T17:07:41.458Z] ⏭️  [UAP 1/3264] XoU_Qmui_U8 — no_captions (8s)
[2026-05-19T17:07:41.688Z] ⏭️  [UAP 2/3264] oktrOP6hZYA — no_captions (8s)
[2026-05-19T17:07:42.418Z] ⏭️  [UAP 3/3264] SxlDlSsk6dU — no_captions (9s)
[2026-05-19T17:07:49.661Z] ⏭️  [UAP 4/3264] sXHhKqjIlPg — no_captions (7s)
[2026-05-19T17:07:50.244Z] ⏭️  [UAP 5/3264] bYRd-XZGPkY — no_captions (7s)
[2026-05-19T17:07:54.018Z] ⏭️  [UAP 6/3264] SHIgNaUfRBI — no_captions (11s)
[2026-05-19T17:08:01.948Z] ⏭️  [UAP 7/3264] FxT1dWFhWsI — no_captions (7s)
[2026-05-19T17:08:02.294Z] ⏭️  [UAP 8/3264] NTfxZ8SqMr8 — no_captions (8s)
[2026-05-19T17:08:05.856Z] ⏭️  [UAP 9/3264] 2xIMEGitCdQ — no_captions (11s)
[2026-05-19T17:08:07.872Z] ❌ [UAP 10/3264] bEps0M0CbIE — FAILED: Unexpected HTTP 403: {"error":"forbidden","message":"Forbidden","details":"This video is not available in your region due (1s)
[2026-05-19T17:08:07.919Z] ❌ [UAP 11/3264] 2G1_NEtvArk — FAILED: Unexpected HTTP 403: {"error":"forbidden","message":"Forbidden","details":"This video is not available in your region due (1s)
[2026-05-19T17:08:08.161Z] ❌ [UAP 12/3264] fO0YFn0S6Mo — FAILED: Unexpected HTTP 403: {"error":"forbidden","message":"Forbidden","details":"This video is not available in your region due (2s)
[2026-05-19T17:08:15.360Z] ⏭️  [UAP 13/3264] CqExQBeg9U4 — no_captions (7s)
[2026-05-19T17:08:16.465Z] ⏭️  [UAP 14/3264] n7SA3k5qYNE — no_captions (8s)
[2026-05-19T17:08:16.870Z] ⏭️  [UAP 15/3264] EPiRGFSOB2k — no_captions (8s)
[2026-05-19T17:08:18.816Z] ❌ [UAP 16/3264] 9YZ1h-VA5aE — FAILED: Unexpected HTTP 403: {"error":"forbidden","message":"Forbidden","details":"This video requires channel membership to acce (1s)
[2026-05-19T17:08:30.382Z] ⏭️  [UAP 17/3264] 4BSmBKA9lw4 — out_of_scope (13s)
[2026-05-19T17:14:32.354Z] ✅ [UAP 18/3264] f2-k9EO4eqY — Tier 2 (6m 15s)
[2026-05-19T17:15:36.192Z] ✅ [UAP 19/3264] 5BmAkh1G-0M — Tier 2 (1m 3s)
[2026-05-19T17:16:04.543Z] ✅ [UAP 20/3264] KgZnI38OrQA — Tier 1 (1m 31s)
[2026-05-19T17:18:01.684Z] ✅ [UAP 21/3264] clo5XJL8mqE — Tier 1 (3m 28s)
[2026-05-19T17:18:10.549Z] ⏭️  [UAP 22/3264] VooLhc_SDVw — no_captions (8s)
[2026-05-19T17:18:11.520Z] ⏭️  [UAP 23/3264] C7Jz4Lnbe3w — no_captions (9s)
[2026-05-19T17:18:11.621Z] ⏭️  [UAP 24/3264] wkI11lgmohA — no_captions (9s)
[2026-05-19T17:18:18.599Z] ⏭️  [UAP 25/3264] _WT7MiKyLSU — no_captions (6s)
[2026-05-19T17:18:19.039Z] ⏭️  [UAP 26/3264] y0JK7HFYXJ0 — no_captions (7s)
[2026-05-19T17:18:19.542Z] ⏭️  [UAP 27/3264] N_hNhL6MAyk — no_captions (7s)
[2026-05-19T17:18:28.114Z] ⏭️  [UAP 28/3264] x4aHpf1TLaQ — no_captions (8s)
[2026-05-19T17:18:28.503Z] ⏭️  [UAP 29/3264] b9t4b8PV6UA — no_captions (8s)
[2026-05-19T17:18:28.780Z] ⏭️  [UAP 30/3264] SpYwTjI4wpc — no_captions (9s)
[2026-05-19T17:18:35.608Z] ⏭️  [UAP 31/3264] Br4Eur45muQ — no_captions (6s)
[2026-05-19T17:18:35.977Z] ⏭️  [UAP 32/3264] tW3XoNettwo — no_captions (6s)
[2026-05-19T17:18:37.090Z] ⏭️  [UAP 33/3264] J--9sNJN_qQ — no_captions (8s)
[2026-05-19T17:18:44.004Z] ⏭️  [UAP 34/3264] RWrW7189Gg8 — no_captions (6s)
[2026-05-19T17:18:44.159Z] ⏭️  [UAP 35/3264] rPLS5n6d-10 — no_captions (6s)
[2026-05-19T17:18:46.114Z] ⏭️  [UAP 36/3264] _tDJCyMkOgQ — no_captions (8s)
[2026-05-19T17:18:53.298Z] ⏭️  [UAP 37/3264] pVdqTp4ayE0 — no_captions (7s)
[2026-05-19T17:18:54.612Z] ⏭️  [UAP 38/3264] FOFlX6wnJdk — no_captions (8s)
[2026-05-19T17:18:54.882Z] ⏭️  [UAP 39/3264] mWiKYG_AVu4 — no_captions (8s)
[2026-05-19T17:19:02.475Z] ⏭️  [UAP 40/3264] E07DkmnWfQc — no_captions (7s)
[2026-05-19T17:19:02.729Z] ⏭️  [UAP 41/3264] 4s-oXpu2Kws — no_captions (7s)
[2026-05-19T17:19:05.468Z] ⏭️  [UAP 42/3264] 2l6s8GrOxNA — no_captions (10s)
[2026-05-19T17:19:13.892Z] ⏭️  [UAP 43/3264] 4UUI7iDwoBw — no_captions (8s)
[2026-05-19T17:19:13.894Z] ❌ [UAP 44/3264] fieA2cJV4U4 — FAILED: Unexpected HTTP 400: {"error":"invalid-request","message":"Invalid Request","details":"Invalid response from yt-dlp","doc (8s)
[2026-05-19T17:19:13.894Z] ⚠️  [UAP] Auto-retrying fieA2cJV4U4 — caption fetch failed (attempt 1/3)
[2026-05-19T17:19:15.095Z] ⏭️  [UAP 45/3264] NI_UMzXh26k — no_captions (9s)
[2026-05-19T17:19:22.534Z] ⏭️  [UAP 46/3264] iBvbbicuSJo — no_captions (7s)
[2026-05-19T17:19:25.948Z] ⏭️  [UAP 47/3264] pfu088sNU50 — no_captions (10s)
[2026-05-19T17:19:26.460Z] ⏭️  [UAP 48/3264] VuKlJuXRtqg — no_captions (11s)
[2026-05-19T17:19:37.228Z] ⏭️  [UAP 49/3264] hvFvLQKJCUI — no_captions (10s)
[2026-05-19T17:19:37.532Z] ⏭️  [UAP 50/3264] LqqcjGC4W0Q — no_captions (10s)
[2026-05-19T17:19:43.794Z] ⏭️  [UAP 51/3264] _s0GC_uPNKE — no_captions (17s)
[2026-05-19T17:19:50.853Z] ⏭️  [UAP 52/3264] AjpJqd0u4Ys — no_captions (6s)
[2026-05-19T17:19:51.864Z] ⏭️  [UAP 53/3264] MnV_hI0y-9Q — no_captions (7s)
[2026-05-19T17:19:54.171Z] ⏭️  [UAP 54/3264] WxqGxhNCOac — no_captions (10s)
[2026-05-19T17:20:00.974Z] ⏭️  [UAP 55/3264] 4kYSayrn-MU — no_captions (6s)
[2026-05-19T17:20:01.893Z] ⏭️  [UAP 56/3264] Qoa6mRewvK4 — no_captions (7s)
[2026-05-19T17:20:03.736Z] ❌ [UAP 57/3264] 9HNL4LzvxIU — FAILED: Unexpected HTTP 400: {"error":"invalid-request","message":"Invalid Request","details":"Invalid response from yt-dlp","doc (9s)
[2026-05-19T17:20:03.736Z] ⚠️  [UAP] Auto-retrying 9HNL4LzvxIU — caption fetch failed (attempt 1/3)
[2026-05-19T17:20:10.534Z] ⏭️  [UAP 58/3264] iTZZcsxGSD4 — no_captions (6s)
[2026-05-19T17:20:10.545Z] ⏭️  [UAP 59/3264] AZMl8icka8M — no_captions (6s)
[2026-05-19T17:20:12.132Z] ⏭️  [UAP 60/3264] R1Xu2JbPRhM — no_captions (8s)
[2026-05-19T17:20:19.240Z] ⏭️  [UAP 61/3264] fieA2cJV4U4 — no_captions (6s)
[2026-05-19T17:20:19.259Z] ⏭️  [UAP 62/3264] y_-5HZpWxO8 — no_captions (6s)
[2026-05-19T17:20:22.577Z] ⏭️  [UAP 63/3264] ZgMh73XLT70 — no_captions (10s)
[2026-05-19T17:20:29.259Z] ⏭️  [UAP 64/3264] 9HNL4LzvxIU — no_captions (6s)
[2026-05-19T17:20:30.852Z] ⏭️  [UAP 65/3264] x84LRozQuhs — no_captions (8s)
[2026-05-19T17:20:31.700Z] ⏭️  [UAP 66/3264] 8xouyWAzjvs — no_captions (8s)
[2026-05-19T17:20:38.936Z] ⏭️  [UAP 67/3264] zW58lNlZiRQ — no_captions (7s)
[2026-05-19T17:20:39.154Z] ⏭️  [UAP 68/3264] NXN7aXvZG44 — no_captions (7s)
[2026-05-19T17:20:43.892Z] ⏭️  [UAP 69/3264] fid3r-jMN0s — no_captions (11s)
[2026-05-19T17:20:50.219Z] ⏭️  [UAP 70/3264] ElPV08fCzoA — no_captions (6s)
[2026-05-19T17:20:52.397Z] ⏭️  [UAP 71/3264] S4x2uqlOrng — no_captions (8s)
[2026-05-19T17:20:52.443Z] ⏭️  [UAP 72/3264] m0NFatxIZ9s — no_captions (8s)
[2026-05-19T17:20:59.682Z] ⏭️  [UAP 73/3264] Jq1QjbsiumI — no_captions (7s)
[2026-05-19T17:21:00.568Z] ⏭️  [UAP 74/3264] SSIHlXBNXMA — no_captions (7s)
[2026-05-19T17:21:02.135Z] ⏭️  [UAP 75/3264] LhSnhQe0up4 — no_captions (9s)
[2026-05-19T17:21:02.173Z] 📊 ── UAP Progress Report ──
[2026-05-19T17:21:02.173Z]    Processed: 75/3264 | ✅ 4 | ⏭️ 65 | ❌ 6
[2026-05-19T17:21:02.173Z]    Elapsed: 13m 29s | Avg: 10s/video | ETA: ~9h 33m
[2026-05-19T17:21:09.123Z] ⏭️  [UAP 76/3264] yOCSvNUyd70 — no_captions (6s)
[2026-05-19T17:21:09.125Z] ⏭️  [UAP 77/3264] Qtimj4ko_I0 — no_captions (6s)
[2026-05-19T17:21:09.328Z] ⏭️  [UAP 78/3264] f2fSzbNIPSk — no_captions (7s)
[2026-05-19T17:21:12.140Z] ❌ [UAP 79/3264] xDvu3GY8-Fs — FAILED: Unexpected HTTP 403: {"error":"forbidden","message":"Forbidden","details":"This video is not available in your region due (2s)
[2026-05-19T17:21:12.141Z] ❌ [UAP 80/3264] 2HE-woQWcDc — FAILED: Unexpected HTTP 403: {"error":"forbidden","message":"Forbidden","details":"This video is not available in your region due (2s)
[2026-05-19T17:21:12.596Z] ❌ [UAP 81/3264] uq-WmgGT6M8 — FAILED: Unexpected HTTP 403: {"error":"forbidden","message":"Forbidden","details":"This video is not available in your region due (3s)
[2026-05-19T17:21:14.703Z] ❌ [UAP 82/3264] G3EGxt6D3_4 — FAILED: Unexpected HTTP 403: {"error":"forbidden","message":"Forbidden","details":"This video is not available in your region due (1s)
[2026-05-19T17:21:15.425Z] ❌ [UAP 83/3264] D8TIR1fDPR4 — FAILED: Unexpected HTTP 403: {"error":"forbidden","message":"Forbidden","details":"This video is not available in your region due (2s)
[2026-05-19T17:21:15.664Z] ❌ [UAP 84/3264] GVTMoci5EuU — FAILED: Unexpected HTTP 403: {"error":"forbidden","message":"Forbidden","details":"This video is not available in your region due (2s)
[2026-05-19T17:21:17.560Z] ❌ [UAP 85/3264] GgGmmHP-8Vs — FAILED: Unexpected HTTP 403: {"error":"forbidden","message":"Forbidden","details":"This video is not available in your region due (1s)
[2026-05-19T17:21:17.629Z] ❌ [UAP 86/3264] QMI8i9uLMqs — FAILED: Unexpected HTTP 403: {"error":"forbidden","message":"Forbidden","details":"This video is not available in your region due (1s)
[2026-05-19T17:21:18.697Z] ❌ [UAP 87/3264] 5P5Hj_IxzkQ — FAILED: Unexpected HTTP 403: {"error":"forbidden","message":"Forbidden","details":"This video is not available in your region due (2s)
[2026-05-19T17:21:20.543Z] ❌ [UAP 88/3264] VYoWE_FBlyI — FAILED: Unexpected HTTP 403: {"error":"forbidden","message":"Forbidden","details":"This video is not available in your region due (1s)
[2026-05-19T17:21:21.267Z] ❌ [UAP 89/3264] F0ChLK3j_zQ — FAILED: Unexpected HTTP 403: {"error":"forbidden","message":"Forbidden","details":"This video is not available in your region due (2s)
[2026-05-19T17:21:21.553Z] ❌ [UAP 90/3264] CBDE6LOlUJs — FAILED: Unexpected HTTP 403: {"error":"forbidden","message":"Forbidden","details":"This video is not available in your region due (2s)
[2026-05-19T17:21:23.616Z] ❌ [UAP 91/3264] u2f_p8jmP30 — FAILED: Unexpected HTTP 403: {"error":"forbidden","message":"Forbidden","details":"This video is not available in your region due (1s)
[2026-05-19T17:21:23.734Z] ❌ [UAP 92/3264] ybo60PDSgao — FAILED: Unexpected HTTP 403: {"error":"forbidden","message":"Forbidden","details":"This video is not available in your region due (2s)
[2026-05-19T17:21:23.747Z] ❌ [UAP 93/3264] AzGDPTVMazI — FAILED: Unexpected HTTP 403: {"error":"forbidden","message":"Forbidden","details":"This video is not available in your region due (2s)
[2026-05-19T17:21:26.059Z] ❌ [UAP 94/3264] 5SIOZ86rY9E — FAILED: Unexpected HTTP 403: {"error":"forbidden","message":"Forbidden","details":"This video is not available in your region due (2s)
[2026-05-19T17:21:26.104Z] ❌ [UAP 95/3264] hiXDxDP3TIo — FAILED: Unexpected HTTP 403: {"error":"forbidden","message":"Forbidden","details":"This video is not available in your region due (2s)
[2026-05-19T17:21:26.245Z] ❌ [UAP 96/3264] rFiPk_Agsj8 — FAILED: Unexpected HTTP 403: {"error":"forbidden","message":"Forbidden","details":"This video is not available in your region due (2s)
[2026-05-19T17:21:28.127Z] ❌ [UAP 97/3264] Lg1m_PvR55g — FAILED: Unexpected HTTP 403: {"error":"forbidden","message":"Forbidden","details":"This video is not available in your region due (1s)
[2026-05-19T17:21:28.132Z] ❌ [UAP 98/3264] HKrxQQ2NNCI — FAILED: Unexpected HTTP 403: {"error":"forbidden","message":"Forbidden","details":"This video is not available in your region due (1s)
[2026-05-19T17:21:28.845Z] ❌ [UAP 99/3264] N7AnT-GiG3A — FAILED: Unexpected HTTP 403: {"error":"forbidden","message":"Forbidden","details":"This video is not available in your region due (2s)
[2026-05-19T17:21:31.368Z] ❌ [UAP 100/3264] CVIKnA8cWak — FAILED: Unexpected HTTP 403: {"error":"forbidden","message":"Forbidden","details":"This video is not available in your region due (2s)
[2026-05-19T17:21:40.863Z] ⏭️  [UAP 101/3264] Rw7HHimSlcE — no_captions (11s)
[2026-05-19T17:21:45.681Z] ⏭️  [UAP 102/3264] 2qUcBTNIV4Q — no_captions (16s)
[2026-05-19T17:21:49.015Z] ❌ [UAP 103/3264] tqSPk_Hd0D0 — FAILED: Unexpected HTTP 403: {"error":"forbidden","message":"Forbidden","details":"This video is not available in your region due (3s)
[2026-05-19T17:21:49.016Z] ❌ [UAP 104/3264] rePFYTLrcXE — FAILED: Unexpected HTTP 403: {"error":"forbidden","message":"Forbidden","details":"This video is not available in your region due (3s)
[2026-05-19T17:21:54.438Z] ⏭️  [UAP 105/3264] dQ-Zymp_joI — no_captions (8s)
[2026-05-19T17:21:56.994Z] ❌ [UAP 106/3264] uB7hU2s4Plg — FAILED: Unexpected HTTP 403: {"error":"forbidden","message":"Forbidden","details":"This video is not available in your region due (2s)
[2026-05-19T17:21:57.055Z] ❌ [UAP 107/3264] 2acQnetVwy4 — FAILED: Unexpected HTTP 403: {"error":"forbidden","message":"Forbidden","details":"This video is not available in your region due (2s)
[2026-05-19T17:21:57.116Z] ❌ [UAP 108/3264] 1-QLZqj2x7U — FAILED: Unexpected HTTP 403: {"error":"forbidden","message":"Forbidden","details":"This video is not available in your region due (2s)
[2026-05-19T17:22:00.914Z] ❌ [UAP 109/3264] kNPfETJB_x4 — FAILED: Unexpected HTTP 403: {"error":"forbidden","message":"Forbidden","details":"This video is not available in your region due (3s)
[2026-05-19T17:22:01.006Z] ❌ [UAP 110/3264] urt8E5HVYhk — FAILED: Unexpected HTTP 403: {"error":"forbidden","message":"Forbidden","details":"This video is not available in your region due (3s)
[2026-05-19T17:22:01.023Z] ❌ [UAP 111/3264] jz7STHzLXJU — FAILED: Unexpected HTTP 403: {"error":"forbidden","message":"Forbidden","details":"This video is not available in your region due (3s)
[2026-05-19T17:22:03.034Z] ❌ [UAP 112/3264] V0jTZLtBvAY — FAILED: Unexpected HTTP 403: {"error":"forbidden","message":"Forbidden","details":"This video is not available in your region due (1s)
[2026-05-19T17:22:03.193Z] ❌ [UAP 113/3264] zBGzcXAIu2c — FAILED: Unexpected HTTP 403: {"error":"forbidden","message":"Forbidden","details":"This video is not available in your region due (2s)
[2026-05-19T17:22:03.221Z] ❌ [UAP 114/3264] R7qxvppIGg8 — FAILED: Unexpected HTTP 403: {"error":"forbidden","message":"Forbidden","details":"This video is not available in your region due (1s)
[2026-05-19T17:22:05.087Z] ❌ [UAP 115/3264] RMwplKg9un0 — FAILED: Unexpected HTTP 403: {"error":"forbidden","message":"Forbidden","details":"This video is not available in your region due (1s)
[2026-05-19T17:22:05.261Z] ❌ [UAP 116/3264] Wm6W_m10gmA — FAILED: Unexpected HTTP 403: {"error":"forbidden","message":"Forbidden","details":"This video is not available in your region due (1s)
[2026-05-19T17:22:05.702Z] ❌ [UAP 117/3264] lzVLtNrd2yA — FAILED: Unexpected HTTP 403: {"error":"forbidden","message":"Forbidden","details":"This video is not available in your region due (2s)
[2026-05-19T17:22:07.647Z] ❌ [UAP 118/3264] vxebeEHPZOs — FAILED: Unexpected HTTP 403: {"error":"forbidden","message":"Forbidden","details":"This video is not available in your region due (1s)
[2026-05-19T17:22:07.851Z] ❌ [UAP 119/3264] Gb_y-jjm81w — FAILED: Unexpected HTTP 403: {"error":"forbidden","message":"Forbidden","details":"This video is not available in your region due (1s)
[2026-05-19T17:22:07.926Z] ❌ [UAP 120/3264] 2LhDhJ674zU — FAILED: Unexpected HTTP 403: {"error":"forbidden","message":"Forbidden","details":"This video is not available in your region due (2s)
[2026-05-19T17:22:09.683Z] ❌ [UAP 121/3264] hU1XVmNfZq4 — FAILED: Unexpected HTTP 403: {"error":"forbidden","message":"Forbidden","details":"This video is not available in your region due (1s)
[2026-05-19T17:22:10.000Z] ❌ [UAP 122/3264] odG3pibjwwM — FAILED: Unexpected HTTP 403: {"error":"forbidden","message":"Forbidden","details":"This video is not available in your region due (1s)
[2026-05-19T17:22:10.033Z] ❌ [UAP 123/3264] gM0gQHAhy7g — FAILED: Unexpected HTTP 403: {"error":"forbidden","message":"Forbidden","details":"This video is not available in your region due (1s)
[2026-05-19T17:22:12.051Z] ❌ [UAP 124/3264] x0XXVIjDhZE — FAILED: Unexpected HTTP 403: {"error":"forbidden","message":"Forbidden","details":"This video is not available in your region due (1s)
[2026-05-19T17:22:12.161Z] ❌ [UAP 125/3264] 4FkzYitmJL0 — FAILED: Unexpected HTTP 403: {"error":"forbidden","message":"Forbidden","details":"This video is not available in your region due (1s)
[2026-05-19T17:22:12.551Z] ❌ [UAP 126/3264] Z41tKVQmttg — FAILED: Unexpected HTTP 403: {"error":"forbidden","message":"Forbidden","details":"This video is not available in your region due (2s)
[2026-05-19T17:22:12.551Z] ⚠️  [UAP] Auto-retrying Z41tKVQmttg — caption fetch failed (attempt 3/3)
[2026-05-19T17:22:14.502Z] ❌ [UAP 127/3264] Z41tKVQmttg — FAILED: Unexpected HTTP 403: {"error":"forbidden","message":"Forbidden","details":"This video is not available in your region due (1s)
[2026-05-19T17:22:14.647Z] ❌ [UAP 128/3264] 32R0_W0sbLI — FAILED: Unexpected HTTP 403: {"error":"forbidden","message":"Forbidden","details":"This video is not available in your region due (1s)
[2026-05-19T17:22:14.890Z] ❌ [UAP 129/3264] n2czBCgX9gY — FAILED: Unexpected HTTP 403: {"error":"forbidden","message":"Forbidden","details":"This video is not available in your region due (2s)
[2026-05-19T17:22:16.662Z] ❌ [UAP 130/3264] mB33N5WHUNc — FAILED: Unexpected HTTP 403: {"error":"forbidden","message":"Forbidden","details":"This video is not available in your region due (1s)
[2026-05-19T17:22:17.275Z] ❌ [UAP 131/3264] WQ7k4uQ2j6Q — FAILED: Unexpected HTTP 403: {"error":"forbidden","message":"Forbidden","details":"This video is not available in your region due (2s)
[2026-05-19T17:22:17.505Z] ❌ [UAP 132/3264] 6i4BVq0wP9w — FAILED: Unexpected HTTP 403: {"error":"forbidden","message":"Forbidden","details":"This video is not available in your region due (2s)
[2026-05-19T17:22:19.419Z] ❌ [UAP 133/3264] PdhvE9e7JJY — FAILED: Unexpected HTTP 403: {"error":"forbidden","message":"Forbidden","details":"This video is not available in your region due (1s)
[2026-05-19T17:22:19.727Z] ❌ [UAP 134/3264] GjodqxXBF6k — FAILED: Unexpected HTTP 403: {"error":"forbidden","message":"Forbidden","details":"This video is not available in your region due (2s)
[2026-05-19T17:22:19.730Z] ❌ [UAP 135/3264] iW8of53DOPo — FAILED: Unexpected HTTP 403: {"error":"forbidden","message":"Forbidden","details":"This video is not available in your region due (2s)
[2026-05-19T17:22:21.625Z] ❌ [UAP 136/3264] MG15j2FBr2k — FAILED: Unexpected HTTP 403: {"error":"forbidden","message":"Forbidden","details":"This video is not available in your region due (1s)
[2026-05-19T17:22:21.670Z] ❌ [UAP 137/3264] hJP64-QplVY — FAILED: Unexpected HTTP 403: {"error":"forbidden","message":"Forbidden","details":"This video is not available in your region due (1s)
[2026-05-19T17:22:22.081Z] ❌ [UAP 138/3264] O9xvictd1YY — FAILED: Unexpected HTTP 403: {"error":"forbidden","message":"Forbidden","details":"This video is not available in your region due (2s)
[2026-05-19T17:22:24.072Z] ❌ [UAP 139/3264] -D_RnziKxyY — FAILED: Unexpected HTTP 403: {"error":"forbidden","message":"Forbidden","details":"This video is not available in your region due (1s)
[2026-05-19T17:22:24.140Z] ❌ [UAP 140/3264] Gf3w4yVuxLU — FAILED: Unexpected HTTP 403: {"error":"forbidden","message":"Forbidden","details":"This video is not available in your region due (1s)
[2026-05-19T17:22:24.525Z] ❌ [UAP 141/3264] qUVhnTP4JUg — FAILED: Unexpected HTTP 403: {"error":"forbidden","message":"Forbidden","details":"This video is not available in your region due (2s)
[2026-05-19T17:22:26.484Z] ❌ [UAP 142/3264] khx0QXbr9n4 — FAILED: Unexpected HTTP 403: {"error":"forbidden","message":"Forbidden","details":"This video is not available in your region due (1s)
[2026-05-19T17:22:26.666Z] ❌ [UAP 143/3264] f_FEiPAsoCA — FAILED: Unexpected HTTP 403: {"error":"forbidden","message":"Forbidden","details":"This video is not available in your region due (1s)
[2026-05-19T17:22:27.358Z] ❌ [UAP 144/3264] PkfvnES03rU — FAILED: Unexpected HTTP 403: {"error":"forbidden","message":"Forbidden","details":"This video is not available in your region due (2s)
[2026-05-19T17:22:28.946Z] ❌ [UAP 145/3264] hNGfvXsnQT8 — FAILED: Unexpected HTTP 403: {"error":"forbidden","message":"Forbidden","details":"This video is not available in your region due (1s)
[2026-05-19T17:22:29.127Z] ❌ [UAP 146/3264] nW7IoQAX5KI — FAILED: Unexpected HTTP 403: {"error":"forbidden","message":"Forbidden","details":"This video is not available in your region due (1s)
[2026-05-19T17:22:29.720Z] ❌ [UAP 147/3264] CDAKaQKO4YY — FAILED: Unexpected HTTP 403: {"error":"forbidden","message":"Forbidden","details":"This video is not available in your region due (2s)
[2026-05-19T17:22:31.444Z] ❌ [UAP 148/3264] mW94JuSHHsA — FAILED: Unexpected HTTP 403: {"error":"forbidden","message":"Forbidden","details":"This video is not available in your region due (1s)
[2026-05-19T17:22:31.604Z] ❌ [UAP 149/3264] D3ezpFE4gsY — FAILED: Unexpected HTTP 403: {"error":"forbidden","message":"Forbidden","details":"This video is not available in your region due (1s)
[2026-05-19T17:22:31.946Z] ❌ [UAP 150/3264] EdR9x0V5MHQ — FAILED: Unexpected HTTP 403: {"error":"forbidden","message":"Forbidden","details":"This video is not available in your region due (2s)
[2026-05-19T17:22:31.989Z] 📊 ── UAP Progress Report ──
[2026-05-19T17:22:31.989Z]    Processed: 150/3264 | ✅ 4 | ⏭️ 71 | ❌ 75
[2026-05-19T17:22:31.989Z]    Elapsed: 14m 58s | Avg: 5s/video | ETA: ~5h 11m
[2026-05-19T17:22:33.870Z] ❌ [UAP 151/3264] jqizvxXZa5Y — FAILED: Unexpected HTTP 403: {"error":"forbidden","message":"Forbidden","details":"This video is not available in your region due (1s)
[2026-05-19T17:22:34.040Z] ❌ [UAP 152/3264] _DZUJVljLS8 — FAILED: Unexpected HTTP 403: {"error":"forbidden","message":"Forbidden","details":"This video is not available in your region due (1s)
[2026-05-19T17:22:34.240Z] ❌ [UAP 153/3264] pJhekC1QPuM — FAILED: Unexpected HTTP 403: {"error":"forbidden","message":"Forbidden","details":"This video is not available in your region due (2s)
[2026-05-19T17:22:36.012Z] ❌ [UAP 154/3264] 1ktqciUNYDQ — FAILED: Unexpected HTTP 403: {"error":"forbidden","message":"Forbidden","details":"This video is not available in your region due (1s)
[2026-05-19T17:22:36.237Z] ❌ [UAP 155/3264] PpqHC_JGy8w — FAILED: Unexpected HTTP 403: {"error":"forbidden","message":"Forbidden","details":"This video is not available in your region due (1s)
[2026-05-19T17:22:37.385Z] ❌ [UAP 156/3264] PAgRMqo4HEM — FAILED: Unexpected HTTP 403: {"error":"forbidden","message":"Forbidden","details":"This video is not available in your region due (2s)
[2026-05-19T17:22:39.165Z] ❌ [UAP 157/3264] WpqX1XQjkx4 — FAILED: Unexpected HTTP 403: {"error":"forbidden","message":"Forbidden","details":"This video is not available in your region due (1s)
[2026-05-19T17:22:39.625Z] ❌ [UAP 158/3264] m9P5jn9WPYI — FAILED: Unexpected HTTP 403: {"error":"forbidden","message":"Forbidden","details":"This video is not available in your region due (2s)
[2026-05-19T17:22:39.695Z] ❌ [UAP 159/3264] eh4cRdmCbwA — FAILED: Unexpected HTTP 403: {"error":"forbidden","message":"Forbidden","details":"This video is not available in your region due (2s)
[2026-05-19T17:22:41.622Z] ❌ [UAP 160/3264] zGZZTQ1EuBk — FAILED: Unexpected HTTP 403: {"error":"forbidden","message":"Forbidden","details":"This video is not available in your region due (1s)
[2026-05-19T17:22:41.866Z] ❌ [UAP 161/3264] lyDeSi_pa1U — FAILED: Unexpected HTTP 403: {"error":"forbidden","message":"Forbidden","details":"This video is not available in your region due (1s)
[2026-05-19T17:22:41.871Z] ❌ [UAP 162/3264] ZPYk8V_fuhg — FAILED: Unexpected HTTP 403: {"error":"forbidden","message":"Forbidden","details":"This video is not available in your region due (2s)
[2026-05-19T17:22:43.734Z] ❌ [UAP 163/3264] OBy188_KL-M — FAILED: Unexpected HTTP 403: {"error":"forbidden","message":"Forbidden","details":"This video is not available in your region due (1s)
[2026-05-19T17:22:43.925Z] ❌ [UAP 164/3264] cDKNZzU_avE — FAILED: Unexpected HTTP 403: {"error":"forbidden","message":"Forbidden","details":"This video is not available in your region due (1s)
[2026-05-19T17:22:45.053Z] ❌ [UAP 165/3264] E3kl1nQ64yk — FAILED: Unexpected HTTP 403: {"error":"forbidden","message":"Forbidden","details":"This video is not available in your region due (2s)
[2026-05-19T17:22:46.972Z] ❌ [UAP 166/3264] WiHqdImD-r0 — FAILED: Unexpected HTTP 403: {"error":"forbidden","message":"Forbidden","details":"This video is not available in your region due (1s)
[2026-05-19T17:22:47.682Z] ❌ [UAP 167/3264] mzFyGT6pV04 — FAILED: Unexpected HTTP 403: {"error":"forbidden","message":"Forbidden","details":"This video is not available in your region due (2s)
[2026-05-19T17:22:47.880Z] ❌ [UAP 168/3264] O_RFPnaIItY — FAILED: Unexpected HTTP 403: {"error":"forbidden","message":"Forbidden","details":"This video is not available in your region due (2s)
[2026-05-19T17:22:49.837Z] ❌ [UAP 169/3264] GNxoZWzwYMs — FAILED: Unexpected HTTP 403: {"error":"forbidden","message":"Forbidden","details":"This video is not available in your region due (1s)
[2026-05-19T17:22:49.929Z] ❌ [UAP 170/3264] p3xHtef7WWQ — FAILED: Unexpected HTTP 403: {"error":"forbidden","message":"Forbidden","details":"This video is not available in your region due (1s)
[2026-05-19T17:22:49.976Z] ❌ [UAP 171/3264] Yo4HTaF5Fzo — FAILED: Unexpected HTTP 403: {"error":"forbidden","message":"Forbidden","details":"This video is not available in your region due (1s)
[2026-05-19T17:22:52.089Z] ❌ [UAP 172/3264] NNAtywoNWmg — FAILED: Unexpected HTTP 403: {"error":"forbidden","message":"Forbidden","details":"This video is not available in your region due (1s)
[2026-05-19T17:22:52.266Z] ❌ [UAP 173/3264] fgpS7s5SpkY — FAILED: Unexpected HTTP 403: {"error":"forbidden","message":"Forbidden","details":"This video is not available in your region due (2s)
[2026-05-19T17:22:52.461Z] ❌ [UAP 174/3264] zFWBY1iLYNA — FAILED: Unexpected HTTP 403: {"error":"forbidden","message":"Forbidden","details":"This video is not available in your region due (2s)
[2026-05-19T17:22:54.421Z] ❌ [UAP 175/3264] cLx4Ypj3vJ8 — FAILED: Unexpected HTTP 403: {"error":"forbidden","message":"Forbidden","details":"This video is not available in your region due (1s)
[2026-05-19T17:22:54.552Z] ❌ [UAP 176/3264] qbilSvxrb3Q — FAILED: Unexpected HTTP 403: {"error":"forbidden","message":"Forbidden","details":"This video is not available in your region due (1s)
[2026-05-19T17:22:54.779Z] ❌ [UAP 177/3264] dXUiYBvh-aw — FAILED: Unexpected HTTP 403: {"error":"forbidden","message":"Forbidden","details":"This video is not available in your region due (2s)
[2026-05-19T17:22:56.951Z] ❌ [UAP 178/3264] cBsGxX2fbTE — FAILED: Unexpected HTTP 403: {"error":"forbidden","message":"Forbidden","details":"This video is not available in your region due (2s)
[2026-05-19T17:22:56.968Z] ❌ [UAP 179/3264] MRfo8ZkYN9E — FAILED: Unexpected HTTP 403: {"error":"forbidden","message":"Forbidden","details":"This video is not available in your region due (2s)
[2026-05-19T17:22:57.050Z] ❌ [UAP 180/3264] ptBP7CF8_uo — FAILED: Unexpected HTTP 403: {"error":"forbidden","message":"Forbidden","details":"This video is not available in your region due (2s)
[2026-05-19T17:22:59.202Z] ❌ [UAP 181/3264] F5206vTPbYs — FAILED: Unexpected HTTP 403: {"error":"forbidden","message":"Forbidden","details":"This video is not available in your region due (1s)
[2026-05-19T17:22:59.210Z] ❌ [UAP 182/3264] QFv7vRasOiQ — FAILED: Unexpected HTTP 403: {"error":"forbidden","message":"Forbidden","details":"This video is not available in your region due (2s)
[2026-05-19T17:22:59.346Z] ❌ [UAP 183/3264] XbJ3cg9x8sU — FAILED: Unexpected HTTP 403: {"error":"forbidden","message":"Forbidden","details":"This video is not available in your region due (2s)
[2026-05-19T17:23:01.413Z] ❌ [UAP 184/3264] 9lcGLi_pUog — FAILED: Unexpected HTTP 403: {"error":"forbidden","message":"Forbidden","details":"This video is not available in your region due (1s)
[2026-05-19T17:23:01.418Z] ❌ [UAP 185/3264] T30kQWiUMYk — FAILED: Unexpected HTTP 403: {"error":"forbidden","message":"Forbidden","details":"This video is not available in your region due (1s)
[2026-05-19T17:23:26.820Z] ⏭️  [UAP 186/3264] q5SwGZGlTj0 — no_captions (27s)
[2026-05-19T17:23:28.952Z] ❌ [UAP 187/3264] Ykw_88Q_gkw — FAILED: Unexpected HTTP 403: {"error":"forbidden","message":"Forbidden","details":"This video is not available in your region due (1s)
[2026-05-19T17:23:28.958Z] ❌ [UAP 188/3264] IQWdqbBOTWk — FAILED: Unexpected HTTP 403: {"error":"forbidden","message":"Forbidden","details":"This video is not available in your region due (1s)
[2026-05-19T17:23:29.683Z] ❌ [UAP 189/3264] ugEL0xQpvSM — FAILED: Unexpected HTTP 403: {"error":"forbidden","message":"Forbidden","details":"This video is not available in your region due (2s)
[2026-05-19T17:23:31.810Z] ❌ [UAP 190/3264] YpQnLaDys1U — FAILED: Unexpected HTTP 403: {"error":"forbidden","message":"Forbidden","details":"This video is not available in your region due (1s)
[2026-05-19T17:23:31.919Z] ❌ [UAP 191/3264] wK10qlF4VfE — FAILED: Unexpected HTTP 403: {"error":"forbidden","message":"Forbidden","details":"This video is not available in your region due (2s)
[2026-05-19T17:23:32.079Z] ❌ [UAP 192/3264] -72CS8zwfXE — FAILED: Unexpected HTTP 403: {"error":"forbidden","message":"Forbidden","details":"This video is not available in your region due (2s)
[2026-05-19T17:23:34.144Z] ❌ [UAP 193/3264] 7swLhzuW-68 — FAILED: Unexpected HTTP 403: {"error":"forbidden","message":"Forbidden","details":"This video is not available in your region due (1s)
[2026-05-19T17:23:34.145Z] ❌ [UAP 194/3264] 7eaFnu9oBHk — FAILED: Unexpected HTTP 403: {"error":"forbidden","message":"Forbidden","details":"This video is not available in your region due (1s)
[2026-05-19T17:23:34.154Z] ❌ [UAP 195/3264] X5UgOV1t2QQ — FAILED: Unexpected HTTP 403: {"error":"forbidden","message":"Forbidden","details":"This video is not available in your region due (1s)
[2026-05-19T17:23:35.899Z] ❌ [UAP 196/3264] pquhzDhhn54 — FAILED: Unexpected HTTP 403: {"error":"forbidden","message":"Forbidden","details":"This video is not available in your region due (1s)
[2026-05-19T17:23:36.001Z] ❌ [UAP 197/3264] K_Ubk8bvI34 — FAILED: Unexpected HTTP 403: {"error":"forbidden","message":"Forbidden","details":"This video is not available in your region due (1s)
[2026-05-19T17:23:36.491Z] ❌ [UAP 198/3264] cOcRJ6EYvbo — FAILED: Unexpected HTTP 403: {"error":"forbidden","message":"Forbidden","details":"This video is not available in your region due (2s)
[2026-05-19T17:23:38.132Z] ❌ [UAP 199/3264] Gw9EMJ2oKC8 — FAILED: Unexpected HTTP 403: {"error":"forbidden","message":"Forbidden","details":"This video is not available in your region due (1s)
[2026-05-19T17:23:38.575Z] ❌ [UAP 200/3264] 9K2IUr66X5s — FAILED: Unexpected HTTP 403: {"error":"forbidden","message":"Forbidden","details":"This video is not available in your region due (1s)
[2026-05-19T17:23:38.583Z] ❌ [UAP 201/3264] 73jimtrjV2Q — FAILED: Unexpected HTTP 403: {"error":"forbidden","message":"Forbidden","details":"This video is not available in your region due (1s)
[2026-05-19T17:23:41.401Z] ❌ [UAP 202/3264] s1gnXSMjf_A — FAILED: Unexpected HTTP 403: {"error":"forbidden","message":"Forbidden","details":"This video is not available in your region due (2s)
[2026-05-19T17:27:01.299Z] ✅ [UAP 203/3264] yO7GIyMx8Ig — Tier 1 (3m 22s)
[2026-05-19T17:28:01.262Z] ✅ [UAP 204/3264] dEJE2mAuwqQ — Tier 1 (4m 22s)
[2026-05-19T17:29:53.237Z] ✅ [UAP 205/3264] g72xSi4tWSk — Tier 1 (1m 51s)
[2026-05-19T17:30:20.124Z] ✅ [UAP 206/3264] RIHYogvXg2I — Tier 1 (2m 18s)
[2026-05-19T17:30:28.032Z] ✅ [UAP 207/3264] SQ58pgVad8s — Tier 1 (2m 26s)
[2026-05-19T17:32:40.248Z] ✅ [UAP 208/3264] dwNHJhoNB6c — Tier 2 (2m 12s)
[2026-05-19T17:32:41.399Z] ✅ [UAP 209/3264] 6LUcEeN_mQE — Tier 2 (2m 13s)
[2026-05-19T17:32:50.017Z] ✅ [UAP 210/3264] oKUcXDATk1U — Tier 1 (2m 21s)
[2026-05-19T17:35:01.980Z] ✅ [UAP 211/3264] oAmz7jyo2Ts — Tier 1 (2m 11s)
[2026-05-19T17:35:06.759Z] ✅ [UAP 212/3264] ofjSwCnVJ3E — Tier 1 (2m 16s)
[2026-05-19T17:36:51.562Z] ✅ [UAP 213/3264] iD7GaF7bwhc — Tier 1 (4m 1s)
[2026-05-19T17:38:54.890Z] ✅ [UAP 214/3264] TGBVfnKgjo8 — Tier 2 (2m 3s)
[2026-05-19T17:39:06.254Z] ✅ [UAP 215/3264] 3Y8rU0xEkEU — Tier 1 (2m 14s)
[2026-05-19T17:39:25.584Z] ✅ [UAP 216/3264] Ov_-Lqb5WdQ — Tier 2 (2m 33s)
[2026-05-19T17:39:37.407Z] ⏭️  [UAP 217/3264] x2ehAL4M0K4 — no_captions (11s)
[2026-05-19T17:41:17.979Z] ✅ [UAP 218/3264] PUdQpQLlfC0 — Tier 1 (1m 52s)
[2026-05-19T17:41:28.662Z] ✅ [UAP 219/3264] 9Capm0U2IoE — Tier 1 (2m 2s)
[2026-05-19T17:43:46.748Z] ✅ [UAP 220/3264] DSLCk8fsBZQ — Tier 1 (2m 17s)
[2026-05-19T17:44:31.878Z] ✅ [UAP 221/3264] 0F5UZxuiZPQ — Tier 1 (3m 2s)
[2026-05-19T17:45:18.155Z] ✅ [UAP 222/3264] DyAqKkxMaTs — Tier 1 (3m 49s)
[2026-05-19T17:47:10.771Z] ✅ [UAP 223/3264] AlO24bdJM04 — Tier 2 (1m 52s)
[2026-05-19T17:48:12.892Z] ✅ [UAP 224/3264] hEJRWGgV5VA — Tier 1 (2m 54s)
[2026-05-19T17:48:16.213Z] ✅ [UAP 225/3264] 6LMakOgDl9g — Tier 1 (2m 57s)
[2026-05-19T17:48:16.302Z] 📊 ── UAP Progress Report ──
[2026-05-19T17:48:16.302Z]    Processed: 225/3264 | ✅ 26 | ⏭️ 73 | ❌ 126
[2026-05-19T17:48:16.302Z]    Elapsed: 40m 43s | Avg: 10s/video | ETA: ~9h 9m
[2026-05-19T17:50:05.691Z] ✅ [UAP 226/3264] xZ1tOvCT6zw — Tier 2 (1m 49s)
[2026-05-19T17:50:54.702Z] ✅ [UAP 227/3264] 9FGGIHbryF4 — Tier 1 (2m 38s)
[2026-05-19T17:50:55.954Z] ✅ [UAP 228/3264] mO4xT1yMCBw — Tier 1 (2m 39s)
[2026-05-19T17:53:20.605Z] ✅ [UAP 229/3264] 54ZFbUS-BPQ — Tier 1 (2m 24s)
[2026-05-19T17:53:31.977Z] ✅ [UAP 230/3264] Expy6hUrHmc — Tier 1 (2m 35s)
[2026-05-19T17:54:24.224Z] ✅ [UAP 231/3264] nzg-7N-JFJ8 — Tier 1 (3m 28s)
[2026-05-19T17:56:39.212Z] ✅ [UAP 232/3264] jHLcBqyzjPc — Tier 1 (2m 14s)
[2026-05-19T17:56:46.532Z] ✅ [UAP 233/3264] hQrItFa4ODU — Tier 2 (2m 22s)
[2026-05-19T17:59:10.946Z] ✅ [UAP 234/3264] T-GL3RTnW6U — Tier 1 (4m 46s)
[2026-05-19T18:01:49.325Z] ✅ [UAP 235/3264] bGBZaOVqxgA — Tier 2 (2m 37s)
[2026-05-19T18:02:15.513Z] ✅ [UAP 236/3264] XcagKJkbeko — Tier 1 (3m 4s)
[2026-05-19T18:02:35.621Z] ✅ [UAP 237/3264] NeWtRgFanxc — Tier 1 (3m 24s)
[2026-05-19T18:02:42.418Z] ⏭️  [UAP 238/3264] k8hmBYkXBfI — out_of_scope (6s)
[2026-05-19T18:04:55.433Z] ✅ [UAP 239/3264] S2_9bAuEsGo — Tier 1 (2m 19s)
[2026-05-19T18:05:36.752Z] ✅ [UAP 240/3264] 6Fk6I91NdlQ — Tier 1 (3m 0s)
[2026-05-19T18:06:59.416Z] ✅ [UAP 241/3264] EFeC7HS4B24 — Tier 2 (1m 22s)
[2026-05-19T18:07:37.483Z] ✅ [UAP 242/3264] nhLFkqT3Tx4 — Tier 2 (2m 0s)
[2026-05-19T18:08:47.826Z] ✅ [UAP 243/3264] h5_m-eyPwI0 — Tier 1 (3m 10s)
[2026-05-19T18:10:31.868Z] ✅ [UAP 244/3264] hJhTeXyXq8E — Tier 2 (1m 43s)
[2026-05-19T18:10:40.585Z] ✅ [UAP 245/3264] NFkAWmlXAMg — Tier 1 (1m 52s)
[2026-05-19T18:11:23.721Z] ✅ [UAP 246/3264] lbX1-KmBcvw — Tier 1 (2m 35s)
[2026-05-19T18:12:45.800Z] ✅ [UAP 247/3264] xm85SLBK09c — Tier 2 (1m 21s)
