[2026-05-25T17:05:08.746Z] ━━━━━━━━━━━━━━━━━━━━━━━━━━━━━━━━━━━━━━━━━━━━━━━━━━━━━━━━━━
[2026-05-25T17:05:08.746Z] 🚀 Starting UAP rapid processing (concurrency: 3)
[2026-05-25T17:05:08.746Z] 🔄 Resetting stuck 'processing' videos...
[2026-05-25T17:05:08.919Z]    Reset 3 stuck videos to pending
[2026-05-25T17:05:09.020Z] 📊 Found 4038 pending UAP videos to process
[2026-05-25T17:05:09.020Z]    Log file: /Users/thomaswood/Documents/Antigravity/ProjectProfound/profound-archive/logs/rapid-process_uap_2026-05-25T17-05-08.log
[2026-05-25T17:05:09.020Z] ━━━━━━━━━━━━━━━━━━━━━━━━━━━━━━━━━━━━━━━━━━━━━━━━━━━━━━━━━━
[2026-05-25T17:06:21.030Z] ✅ [UAP 1/4038] 27uK5S-iJHI — Tier 2 (1m 11s)
[2026-05-25T17:06:59.169Z] ✅ [UAP 2/4038] r8eH9Dl_h7o — Tier 2 (1m 50s)
[2026-05-25T17:09:18.055Z] ✅ [UAP 3/4038] NT8g6EKWoGc — Tier 1 (4m 8s)
[2026-05-25T17:10:10.500Z] ✅ [UAP 4/4038] hxQ6MLQ-mJI — Tier 2 (52s)
[2026-05-25T17:10:12.680Z] ✅ [UAP 5/4038] cMy7qwnalxs — Tier 2 (54s)
[2026-05-25T17:13:37.656Z] ✅ [UAP 6/4038] SDbzUAHaG7k — Tier 1 (4m 19s)
[2026-05-25T17:14:46.912Z] ✅ [UAP 7/4038] nsujJXewKWQ — Tier 2 (1m 8s)
[2026-05-25T17:17:17.818Z] ✅ [UAP 8/4038] 3dFHkgRY9g0 — Tier 2 (3m 39s)
[2026-05-25T17:20:50.267Z] ✅ [UAP 9/4038] 5dPkW8QxYV0 — Tier 1 (7m 12s)
[2026-05-25T17:21:22.403Z] ✅ [UAP 10/4038] ALyvFTwdmgQ — Tier 2 (31s)
[2026-05-25T17:22:37.587Z] ✅ [UAP 11/4038] qo--Jn4-UCU — Tier 2 (1m 46s)
[2026-05-25T17:24:04.364Z] ✅ [UAP 12/4038] uUjIgEdhQiU — Tier 2 (3m 13s)
[2026-05-25T17:25:02.093Z] ✅ [UAP 13/4038] 3b79PnZtLEU — Tier 2 (57s)
[2026-05-25T17:25:05.338Z] ✅ [UAP 14/4038] 5T5nGFecMxQ — Tier 2 (1m 0s)
[2026-05-25T17:25:18.498Z] ✅ [UAP 15/4038] Fb8q6_moI3g — Tier 2 (1m 13s)
[2026-05-25T17:27:26.227Z] ✅ [UAP 16/4038] 0vIIFretbCs — Tier 2 (2m 7s)
[2026-05-25T17:29:03.188Z] ✅ [UAP 17/4038] k4zTg-NwV2I — Tier 1 (3m 44s)
[2026-05-25T17:29:27.796Z] ✅ [UAP 18/4038] IAgkkRRKFCk — Tier 2 (4m 9s)
[2026-05-25T17:30:14.111Z] ✅ [UAP 19/4038] YidcyWmnvKs — Tier 1 (46s)
[2026-05-25T17:31:01.390Z] ✅ [UAP 20/4038] 6TaNOkvQSCQ — Tier 2 (1m 33s)
[2026-05-25T17:33:54.105Z] ✅ [UAP 21/4038] C1gq3OnjRHA — Tier 2 (4m 26s)
[2026-05-25T17:34:42.524Z] ✅ [UAP 22/4038] ju7mlBZQNpY — Tier 2 (48s)
[2026-05-25T17:35:00.895Z] ✅ [UAP 23/4038] bzFlZPNHN50 — Tier 1 (1m 6s)
[2026-05-25T17:36:12.060Z] ✅ [UAP 24/4038] xNGwL-9HHLg — Tier 2 (2m 17s)
[2026-05-25T17:36:14.093Z] ❌ [UAP 25/4038] xK5toSBqbPY — FAILED: Unexpected HTTP 403: {"error":"forbidden","message":"Forbidden","details":"This video is age-restricted and requires auth (1s)
[2026-05-25T17:36:14.093Z] ⚠️  [UAP] Auto-retrying xK5toSBqbPY — caption fetch failed (attempt 1/3, backoff 30s)
[2026-05-25T17:36:14.510Z] ❌ [UAP 26/4038] gkvZvIp0D8g — FAILED: Unexpected HTTP 403: {"error":"forbidden","message":"Forbidden","details":"This video is age-restricted and requires auth (2s)
[2026-05-25T17:36:14.510Z] ⚠️  [UAP] Auto-retrying gkvZvIp0D8g — caption fetch failed (attempt 1/3, backoff 30s)
[2026-05-25T17:37:57.850Z] ✅ [UAP 27/4038] wJKNCDFmuUI — Tier 1 (1m 45s)
[2026-05-25T17:38:00.145Z] ❌ [UAP 28/4038] gkvZvIp0D8g — FAILED: Unexpected HTTP 403: {"error":"forbidden","message":"Forbidden","details":"This video is age-restricted and requires auth (2s)
[2026-05-25T17:38:00.145Z] ⚠️  [UAP] Auto-retrying gkvZvIp0D8g — caption fetch failed (attempt 2/3, backoff 60s)
[2026-05-25T17:38:00.155Z] ❌ [UAP 29/4038] xK5toSBqbPY — FAILED: Unexpected HTTP 403: {"error":"forbidden","message":"Forbidden","details":"This video is age-restricted and requires auth (2s)
[2026-05-25T17:38:00.155Z] ⚠️  [UAP] Auto-retrying xK5toSBqbPY — caption fetch failed (attempt 2/3, backoff 60s)
[2026-05-25T17:39:45.566Z] ✅ [UAP 30/4038] xSVkhqoTcdo — Tier 2 (1m 47s)
[2026-05-25T17:39:47.672Z] ❌ [UAP 31/4038] gkvZvIp0D8g — FAILED: Unexpected HTTP 403: {"error":"forbidden","message":"Forbidden","details":"This video is age-restricted and requires auth (1s)
[2026-05-25T17:39:47.672Z] ⚠️  [UAP] Auto-retrying gkvZvIp0D8g — caption fetch failed (attempt 3/3, backoff 120s)
[2026-05-25T17:39:48.473Z] ❌ [UAP 32/4038] xK5toSBqbPY — FAILED: Unexpected HTTP 403: {"error":"forbidden","message":"Forbidden","details":"This video is age-restricted and requires auth (2s)
[2026-05-25T17:39:48.473Z] ⚠️  [UAP] Auto-retrying xK5toSBqbPY — caption fetch failed (attempt 3/3, backoff 120s)
[2026-05-25T17:39:52.286Z] ⏭️  [UAP 33/4038] jsl7LOkJ9og — no_captions (6s)
[2026-05-25T17:41:50.689Z] ❌ [UAP 34/4038] gkvZvIp0D8g — FAILED: Unexpected HTTP 403: {"error":"forbidden","message":"Forbidden","details":"This video is age-restricted and requires auth (2s)
[2026-05-25T17:41:51.090Z] ❌ [UAP 35/4038] xK5toSBqbPY — FAILED: Unexpected HTTP 403: {"error":"forbidden","message":"Forbidden","details":"This video is age-restricted and requires auth (2s)
[2026-05-25T17:41:55.824Z] ⏭️  [UAP 36/4038] uvxTJHRHvf8 — no_captions (7s)
[2026-05-25T17:41:58.812Z] ❌ [UAP 37/4038] vH4dJL1SR8Y — FAILED: Unexpected HTTP 403: {"error":"forbidden","message":"Forbidden","details":"This video is age-restricted and requires auth (2s)
[2026-05-25T17:41:58.812Z] ⚠️  [UAP] Auto-retrying vH4dJL1SR8Y — caption fetch failed (attempt 1/3, backoff 30s)
[2026-05-25T17:42:02.768Z] ⏭️  [UAP 38/4038] lCpp2WZ89D4 — no_captions (6s)
[2026-05-25T17:42:10.731Z] ⏭️  [UAP 39/4038] SKYr-XZD1As — out_of_scope (14s)
[2026-05-25T17:42:30.989Z] ❌ [UAP 40/4038] vH4dJL1SR8Y — FAILED: Unexpected HTTP 403: {"error":"forbidden","message":"Forbidden","details":"This video is age-restricted and requires auth (1s)
[2026-05-25T17:42:30.989Z] ⚠️  [UAP] Auto-retrying vH4dJL1SR8Y — caption fetch failed (attempt 2/3, backoff 60s)
[2026-05-25T17:42:44.299Z] ⏭️  [UAP 41/4038] jfIBzpMtOCM — out_of_scope (15s)
[2026-05-25T17:44:48.688Z] ✅ [UAP 42/4038] 6r-bKg2Noho — Tier 2 (2m 19s)
[2026-05-25T17:44:50.788Z] ❌ [UAP 43/4038] vH4dJL1SR8Y — FAILED: Unexpected HTTP 403: {"error":"forbidden","message":"Forbidden","details":"This video is age-restricted and requires auth (1s)
[2026-05-25T17:44:50.788Z] ⚠️  [UAP] Auto-retrying vH4dJL1SR8Y — caption fetch failed (attempt 3/3, backoff 120s)
[2026-05-25T17:44:55.262Z] ⏭️  [UAP 44/4038] MmXU1XRhAB0 — no_captions (6s)
[2026-05-25T17:51:58.614Z] ✅ [UAP 45/4038] jHmzx3TyBGE — Tier 1 (7m 9s)
[2026-05-25T17:52:00.800Z] ❌ [UAP 46/4038] vH4dJL1SR8Y — FAILED: Unexpected HTTP 403: {"error":"forbidden","message":"Forbidden","details":"This video is age-restricted and requires auth (1s)
[2026-05-25T17:52:04.019Z] ⏭️  [UAP 47/4038] hM6ARZFjJxU — out_of_scope (5s)
[2026-05-25T17:52:06.285Z] ⏭️  [UAP 48/4038] aAb7ByTfF0M — no_captions (7s)
[2026-05-25T17:53:59.020Z] ✅ [UAP 49/4038] qYvhuld7DTc — Tier 2 (1m 52s)
[2026-05-25T17:54:34.482Z] ✅ [UAP 50/4038] itu6N2GQofQ — Tier 2 (2m 27s)
[2026-05-25T17:56:15.492Z] ✅ [UAP 51/4038] 58xEbRI3UKI — Tier 2 (4m 9s)
[2026-05-25T17:56:20.588Z] ⏭️  [UAP 52/4038] TGV8aQxCsCI — out_of_scope (4s)
[2026-05-25T17:56:20.880Z] ⏭️  [UAP 53/4038] BSlGsQnuvRE — out_of_scope (5s)
[2026-05-25T17:58:10.626Z] ✅ [UAP 54/4038] fPzqUORVLGE — Tier 2 (1m 54s)
[2026-05-25T17:58:20.975Z] ⏭️  [UAP 55/4038] Q76cxfcNK-M — out_of_scope (10s)
[2026-05-25T17:58:36.422Z] ⏭️  [UAP 56/4038] JR28yudCuRI — out_of_scope (25s)
[2026-05-25T18:01:12.654Z] ✅ [UAP 57/4038] Q6W4L-HK-Os — Tier 2 (3m 1s)
[2026-05-25T18:01:21.608Z] ⏭️  [UAP 58/4038] E_fdyA24BdU — out_of_scope (8s)
[2026-05-25T18:01:24.651Z] ⏭️  [UAP 59/4038] EWluEwiwhXY — no_captions (11s)
[2026-05-25T18:01:58.935Z] ✅ [UAP 60/4038] XmHTGVSUaPE — Tier 2 (45s)
[2026-05-25T18:02:10.237Z] ⏭️  [UAP 61/4038] FcxDAJ8eU3w — no_captions (11s)
[2026-05-25T18:03:46.322Z] ✅ [UAP 62/4038] V34lK5eCaRQ — Tier 2 (1m 47s)
[2026-05-25T18:05:47.714Z] ✅ [UAP 63/4038] T5lCAwHL0cc — Tier 2 (3m 48s)
[2026-05-25T18:06:13.864Z] ✅ [UAP 64/4038] CspKosxgXbM — Tier 2 (25s)
[2026-05-25T18:07:45.871Z] ✅ [UAP 65/4038] JeBRU-KFYlU — Tier 2 (1m 57s)
[2026-05-25T18:10:13.057Z] ✅ [UAP 66/4038] uDwKoGVbasY — Tier 1 (4m 24s)
[2026-05-25T18:10:19.682Z] ⏭️  [UAP 67/4038] nscbob_E3V4 — out_of_scope (6s)
[2026-05-25T18:10:20.321Z] ⏭️  [UAP 68/4038] zy1Vu551SN0 — no_captions (6s)
[2026-05-25T18:11:26.545Z] ✅ [UAP 69/4038] XG29fMwsTzU — Tier 2 (1m 13s)
[2026-05-25T18:11:34.373Z] ⏭️  [UAP 70/4038] OoXrARwZwMk — no_captions (7s)
[2026-05-25T18:12:17.801Z] ✅ [UAP 71/4038] 5u-20g7Bwdw — Tier 2 (51s)
[2026-05-25T18:13:45.082Z] ✅ [UAP 72/4038] zHqIXLOqRak — Tier 2 (2m 18s)
[2026-05-25T18:15:18.055Z] ✅ [UAP 73/4038] pGW0-wYo48E — Tier 2 (1m 32s)
[2026-05-25T18:16:18.341Z] ✅ [UAP 74/4038] crg67I276iU — Tier 2 (2m 33s)
[2026-05-25T18:17:16.090Z] ✅ [UAP 75/4038] 6-2Bpv7F8Iw — Tier 2 (3m 30s)
[2026-05-25T18:17:16.163Z] 📊 ── UAP Progress Report ──
[2026-05-25T18:17:16.163Z]    Processed: 75/4038 | ✅ 45 | ⏭️ 18 | ❌ 12
[2026-05-25T18:17:16.163Z]    Elapsed: 1h 12m | Avg: 57s/video | ETA: ~63h 30m
[2026-05-25T18:17:59.524Z] ✅ [UAP 76/4038] tYI14LWpd3A — Tier 2 (43s)
[2026-05-25T18:18:49.219Z] ✅ [UAP 77/4038] XcEczjqvQYE — Tier 2 (1m 32s)
[2026-05-25T18:20:07.727Z] ✅ [UAP 78/4038] LmF4uSl25D8 — Tier 2 (2m 51s)
[2026-05-25T18:20:18.339Z] ⏭️  [UAP 79/4038] IYMpwVfCAag — out_of_scope (10s)
[2026-05-25T18:22:31.254Z] ✅ [UAP 80/4038] M0wBXNAiOys — Tier 1 (2m 23s)
[2026-05-25T18:23:02.816Z] ✅ [UAP 81/4038] v_UYD6NYqYo — Tier 1 (2m 54s)
[2026-05-25T18:23:16.959Z] ⏭️  [UAP 82/4038] io3P2b68DHk — out_of_scope (13s)
[2026-05-25T18:24:23.009Z] ✅ [UAP 83/4038] frJpThIims8 — Tier 2 (1m 19s)
[2026-05-25T18:26:16.388Z] ✅ [UAP 84/4038] X4HQtB_A_Tc — Tier 2 (3m 13s)
[2026-05-25T18:28:30.954Z] ✅ [UAP 85/4038] 5G4C2de5ic0 — Tier 2 (2m 14s)
[2026-05-25T18:28:49.615Z] ✅ [UAP 86/4038] PDZIEKEpOy8 — Tier 2 (2m 32s)
[2026-05-25T18:28:53.322Z] ✅ [UAP 87/4038] ybPaGerF0TU — Tier 2 (2m 36s)
[2026-05-25T18:29:09.880Z] ⏭️  [UAP 88/4038] hRhIlgTEWD8 — out_of_scope (16s)
[2026-05-25T18:30:12.435Z] ✅ [UAP 89/4038] 7npNk3EGKBQ — Tier 2 (1m 18s)
[2026-05-25T18:30:58.537Z] ✅ [UAP 90/4038] J2nmOBjf2UA — Tier 2 (2m 5s)
[2026-05-25T18:31:12.822Z] ⏭️  [UAP 91/4038] TY-tzTGSCn0 — out_of_scope (14s)
[2026-05-25T18:32:22.347Z] ✅ [UAP 92/4038] Ggdx4-oGIvM — Tier 2 (1m 23s)
[2026-05-25T18:33:21.177Z] ✅ [UAP 93/4038] mti3oWINgY0 — Tier 2 (2m 22s)
[2026-05-25T18:33:28.055Z] ⏭️  [UAP 94/4038] Wbn3S8qhai0 — no_captions (6s)
[2026-05-25T18:34:11.541Z] ✅ [UAP 95/4038] WBo24sIPCOM — Tier 2 (50s)
[2026-05-25T18:35:38.881Z] ✅ [UAP 96/4038] Yx3Vc6jCAl0 — Tier 2 (2m 17s)
[2026-05-25T18:35:45.723Z] ⏭️  [UAP 97/4038] go_29vbOdlI — out_of_scope (6s)
[2026-05-25T18:36:42.415Z] ✅ [UAP 98/4038] sF1xL06jf44 — Tier 2 (1m 3s)
[2026-05-25T18:39:07.420Z] ✅ [UAP 99/4038] c0C-qrHtlok — Tier 2 (3m 28s)
[2026-05-25T18:39:18.763Z] ⏭️  [UAP 100/4038] Y9cN2OKLCWs — no_captions (11s)
[2026-05-25T18:40:43.032Z] ✅ [UAP 101/4038] hx210hcXczc — Tier 2 (1m 35s)
[2026-05-25T18:45:24.922Z] ✅ [UAP 102/4038] uDRkJn2NkE4 — Tier 1 (6m 17s)
[2026-05-25T18:45:37.714Z] ⏭️  [UAP 103/4038] LTEVvkL-l3Q — out_of_scope (12s)
[2026-05-25T18:48:54.043Z] ✅ [UAP 104/4038] W8FGGqSW2XU — Tier 2 (3m 28s)
[2026-05-25T18:49:19.137Z] ✅ [UAP 105/4038] S1whMGyLByE — Tier 2 (3m 53s)
[2026-05-25T18:52:03.160Z] ✅ [UAP 106/4038] -lV1wmhMp7M — Tier 2 (2m 43s)
[2026-05-25T18:52:25.786Z] ✅ [UAP 107/4038] x611Ff7aOO8 — Tier 2 (3m 6s)
[2026-05-25T18:53:23.549Z] ✅ [UAP 108/4038] 8DXvwJOuv7M — Tier 1 (4m 4s)
[2026-05-25T18:53:26.286Z] ❌ [UAP 109/4038] GV0uu4bIC6w — FAILED: Unexpected HTTP 403: {"error":"forbidden","message":"Forbidden","details":"This video is age-restricted and requires auth (2s)
[2026-05-25T18:53:26.287Z] ⚠️  [UAP] Auto-retrying GV0uu4bIC6w — caption fetch failed (attempt 1/3, backoff 30s)
[2026-05-25T18:57:58.425Z] ✅ [UAP 110/4038] MGiFg2AB0Zc — Tier 2 (4m 34s)
[2026-05-25T19:00:51.080Z] ✅ [UAP 111/4038] L9nB2NxQ9XU — Tier 1 (7m 27s)
[2026-05-25T19:02:17.616Z] ✅ [UAP 112/4038] 6oGqPc6poS4 — Tier 2 (1m 26s)
[2026-05-25T19:03:50.552Z] ✅ [UAP 113/4038] Ga0P7bvwvAw — Tier 2 (2m 59s)
[2026-05-25T19:04:12.960Z] ✅ [UAP 114/4038] mjrXLNRAMSg — Tier 2 (3m 21s)
[2026-05-25T19:04:15.476Z] ❌ [UAP 115/4038] GV0uu4bIC6w — FAILED: Unexpected HTTP 403: {"error":"forbidden","message":"Forbidden","details":"This video is age-restricted and requires auth (2s)
[2026-05-25T19:04:15.476Z] ⚠️  [UAP] Auto-retrying GV0uu4bIC6w — caption fetch failed (attempt 2/3, backoff 60s)
[2026-05-25T19:06:01.418Z] ✅ [UAP 116/4038] BhEjcwp7T44 — Tier 2 (1m 48s)
[2026-05-25T19:06:27.512Z] ✅ [UAP 117/4038] iv1ZCEiVrgg — Tier 2 (2m 14s)
[2026-05-25T19:06:29.430Z] ❌ [UAP 118/4038] GV0uu4bIC6w — FAILED: Unexpected HTTP 403: {"error":"forbidden","message":"Forbidden","details":"This video is age-restricted and requires auth (1s)
[2026-05-25T19:06:29.430Z] ⚠️  [UAP] Auto-retrying GV0uu4bIC6w — caption fetch failed (attempt 3/3, backoff 120s)
