[2026-05-21T17:55:33.783Z] ━━━━━━━━━━━━━━━━━━━━━━━━━━━━━━━━━━━━━━━━━━━━━━━━━━━━━━━━━━
[2026-05-21T17:55:33.783Z] 🚀 Starting UAP rapid processing (concurrency: 3)
[2026-05-21T17:55:33.783Z] 🔄 Resetting stuck 'processing' videos...
[2026-05-21T17:55:34.086Z]    Reset 1 stuck videos to pending
[2026-05-21T17:55:34.191Z] 📊 Found 1695 pending UAP videos to process
[2026-05-21T17:55:34.192Z]    Log file: /Users/thomaswood/Documents/Antigravity/ProjectProfound/profound-archive/logs/rapid-process_uap_2026-05-21T17-55-33.log
[2026-05-21T17:55:34.192Z] ━━━━━━━━━━━━━━━━━━━━━━━━━━━━━━━━━━━━━━━━━━━━━━━━━━━━━━━━━━
[2026-05-21T17:55:40.667Z] ⏭️  [UAP 1/1695] _s0GC_uPNKE — no_captions (6s)
[2026-05-21T17:55:41.628Z] ⏭️  [UAP 2/1695] mWiKYG_AVu4 — no_captions (7s)
[2026-05-21T17:58:43.284Z] ✅ [UAP 3/1695] x2ehAL4M0K4 — Tier 2 (3m 8s)
[2026-05-21T17:59:54.111Z] ✅ [UAP 4/1695] 7slwF-RqhKs — Tier 2 (1m 10s)
[2026-05-21T17:59:55.472Z] ✅ [UAP 5/1695] SSKBX-96fFo — Tier 2 (1m 11s)
[2026-05-21T18:03:36.104Z] ✅ [UAP 6/1695] 8tVbwCTj62c — Tier 1 (4m 52s)
[2026-05-21T18:04:45.761Z] ✅ [UAP 7/1695] M65CP9BtLik — Tier 2 (1m 9s)
[2026-05-21T18:04:48.643Z] ✅ [UAP 8/1695] Ue1EfJCPI1o — Tier 1 (1m 12s)
[2026-05-21T18:06:22.207Z] ✅ [UAP 9/1695] _KUGF_8fU_M — Tier 2 (2m 45s)
[2026-05-21T18:06:24.737Z] ❌ [UAP 10/1695] g_ehxnDXj2c — FAILED: Unexpected HTTP 400: {"error":"invalid-request","message":"Invalid Request","details":"This video is currently live strea (2s)
[2026-05-21T18:06:24.737Z] ⚠️  [UAP] Auto-retrying g_ehxnDXj2c — caption fetch failed (attempt 1/3, backoff 30s)
[2026-05-21T18:07:15.983Z] ✅ [UAP 11/1695] wlC_bDRHrj0 — Tier 2 (53s)
[2026-05-21T18:07:21.471Z] ✅ [UAP 12/1695] djUvIftRIpU — Tier 2 (59s)
[2026-05-21T18:07:23.702Z] ❌ [UAP 13/1695] g_ehxnDXj2c — FAILED: Unexpected HTTP 400: {"error":"invalid-request","message":"Invalid Request","details":"This video is currently live strea (1s)
[2026-05-21T18:07:23.702Z] ⚠️  [UAP] Auto-retrying g_ehxnDXj2c — caption fetch failed (attempt 2/3, backoff 60s)
[2026-05-21T18:09:47.058Z] ✅ [UAP 14/1695] -qOX1NW8lnI — Tier 2 (2m 25s)
[2026-05-21T18:09:56.621Z] ✅ [UAP 15/1695] anH5zTWDdZs — Tier 2 (2m 34s)
[2026-05-21T18:09:58.923Z] ❌ [UAP 16/1695] g_ehxnDXj2c — FAILED: Unexpected HTTP 400: {"error":"invalid-request","message":"Invalid Request","details":"This video is currently live strea (2s)
[2026-05-21T18:09:58.923Z] ⚠️  [UAP] Auto-retrying g_ehxnDXj2c — caption fetch failed (attempt 3/3, backoff 120s)
[2026-05-21T18:10:07.566Z] ⏭️  [UAP 17/1695] 8okrdVHtOTQ — out_of_scope (10s)
[2026-05-21T18:14:32.682Z] ✅ [UAP 18/1695] KxtL-sBhe30 — Tier 2 (4m 35s)
[2026-05-21T18:14:36.326Z] ❌ [UAP 19/1695] g_ehxnDXj2c — FAILED: Unexpected HTTP 400: {"error":"invalid-request","message":"Invalid Request","details":"This video is currently live strea (3s)
[2026-05-21T18:15:56.765Z] ✅ [UAP 20/1695] tUstoj6ddA0 — Tier 2 (1m 23s)
[2026-05-21T18:18:59.424Z] ✅ [UAP 21/1695] fUc0AKaS01k — Tier 1 (4m 26s)
[2026-05-21T18:19:30.194Z] ✅ [UAP 22/1695] 1Pl8WEREvXo — Tier 2 (30s)
[2026-05-21T18:19:32.388Z] ✅ [UAP 23/1695] OeTDACVBAFU — Tier 2 (32s)
[2026-05-21T18:21:36.368Z] ✅ [UAP 24/1695] Qe37oqX19FY — Tier 1 (2m 36s)
[2026-05-21T18:22:14.370Z] ✅ [UAP 25/1695] haXjFZl2usI — Tier 2 (37s)
[2026-05-21T18:22:47.798Z] ✅ [UAP 26/1695] 8CglK9EEthw — Tier 2 (1m 11s)
[2026-05-21T18:23:33.811Z] ✅ [UAP 27/1695] hYveUm80BMU — Tier 1 (1m 57s)
[2026-05-21T18:24:21.083Z] ✅ [UAP 28/1695] 80yPPqfldSM — Tier 2 (46s)
[2026-05-21T18:24:23.716Z] ✅ [UAP 29/1695] RXNp1y_6LzI — Tier 2 (49s)
[2026-05-21T18:24:32.699Z] ✅ [UAP 30/1695] GLRvhByG6W4 — Tier 2 (58s)
[2026-05-21T18:25:18.255Z] ✅ [UAP 31/1695] If4sMTRKPrQ — Tier 2 (45s)
[2026-05-21T18:25:32.266Z] ✅ [UAP 32/1695] qpIPbl3nfyU — Tier 2 (59s)
[2026-05-21T18:27:23.133Z] ✅ [UAP 33/1695] 46nK_oBgwM8 — Tier 2 (2m 50s)
[2026-05-21T18:28:22.711Z] ✅ [UAP 34/1695] vCbnXBOemRg — Tier 1 (59s)
[2026-05-21T18:29:42.691Z] ✅ [UAP 35/1695] egOGbyWgrrU — Tier 2 (2m 19s)
[2026-05-21T18:30:02.279Z] ✅ [UAP 36/1695] LtB3SyB0dsc — Tier 1 (2m 38s)
[2026-05-21T18:30:53.707Z] ✅ [UAP 37/1695] CwwW1P_Q6uQ — Tier 2 (51s)
[2026-05-21T18:31:11.552Z] ✅ [UAP 38/1695] G9ObjkUpTbs — Tier 2 (1m 9s)
[2026-05-21T18:33:28.905Z] ✅ [UAP 39/1695] rnq4j6fJkqg — Tier 2 (3m 26s)
[2026-05-21T18:33:37.809Z] ⏭️  [UAP 40/1695] -IdOjwdbh0Y — no_captions (8s)
[2026-05-21T18:33:38.101Z] ⏭️  [UAP 41/1695] 50XH7smxt8c — no_captions (8s)
[2026-05-21T18:36:52.632Z] ✅ [UAP 42/1695] 06EETsPUy7Q — Tier 1 (3m 23s)
[2026-05-21T18:37:50.443Z] ✅ [UAP 43/1695] kbZzF8IzG8g — Tier 2 (57s)
[2026-05-21T18:38:12.610Z] ✅ [UAP 44/1695] oUmLSSZOGBs — Tier 2 (1m 19s)
[2026-05-21T18:40:26.309Z] ✅ [UAP 45/1695] Sgi-J5O-y1w — Tier 1 (3m 33s)
[2026-05-21T18:40:54.975Z] ✅ [UAP 46/1695] d4RW7g6_YGk — Tier 2 (28s)
[2026-05-21T18:41:12.734Z] ✅ [UAP 47/1695] IghbbsA5-FQ — Tier 2 (46s)
[2026-05-21T18:41:38.101Z] ✅ [UAP 48/1695] L5h0b_F24Po — Tier 2 (1m 11s)
[2026-05-21T18:41:45.296Z] ⏭️  [UAP 49/1695] bFIrSsoBZ6Y — no_captions (6s)
[2026-05-21T18:42:38.160Z] ✅ [UAP 50/1695] SGU44jpmk20 — Tier 2 (59s)
[2026-05-21T18:46:04.061Z] ✅ [UAP 51/1695] S-1iytU6NYA — Tier 2 (4m 25s)
[2026-05-21T18:46:10.686Z] ⏭️  [UAP 52/1695] wNrPbyZRiA8 — out_of_scope (6s)
[2026-05-21T18:47:19.946Z] ✅ [UAP 53/1695] z69ueK0ujE4 — Tier 1 (1m 15s)
[2026-05-21T18:47:24.168Z] ✅ [UAP 54/1695] h0VPaiteSsw — Tier 1 (1m 19s)
[2026-05-21T18:48:22.089Z] ✅ [UAP 55/1695] j5v84pfBFxY — Tier 2 (57s)
[2026-05-21T18:48:26.528Z] ✅ [UAP 56/1695] -Hodx6cwNzU — Tier 2 (1m 2s)
[2026-05-21T18:48:54.982Z] ✅ [UAP 57/1695] L5fLh5AosGo — Tier 1 (1m 30s)
[2026-05-21T18:49:26.858Z] ✅ [UAP 58/1695] B7PG4_YZ6kc — Tier 2 (31s)
[2026-05-21T18:49:40.844Z] ✅ [UAP 59/1695] CHOC1YqmkKc — Tier 2 (45s)
[2026-05-21T18:52:28.926Z] ✅ [UAP 60/1695] B7WXpcrAi64 — Tier 1 (3m 33s)
[2026-05-21T18:52:38.422Z] ⏭️  [UAP 61/1695] 4ryW-GtvkWo — no_captions (9s)
[2026-05-21T18:53:24.188Z] ✅ [UAP 62/1695] LgyRtKQR5u8 — Tier 1 (54s)
[2026-05-21T18:55:50.196Z] ✅ [UAP 63/1695] zjQopjUr35k — Tier 2 (3m 20s)
[2026-05-21T18:56:28.337Z] ✅ [UAP 64/1695] F7_XKTklZSw — Tier 2 (37s)
[2026-05-21T18:58:20.656Z] ✅ [UAP 65/1695] jMYJjCmqiOI — Tier 1 (2m 30s)
[2026-05-21T18:59:16.967Z] ✅ [UAP 66/1695] EW0WZBxVyFA — Tier 1 (3m 26s)
[2026-05-21T18:59:30.050Z] ⏭️  [UAP 67/1695] VXQ-Xm4ekbM — out_of_scope (12s)
[2026-05-21T19:00:18.788Z] ✅ [UAP 68/1695] PHgiuEKVYao — Tier 2 (1m 1s)
[2026-05-21T19:02:46.328Z] ✅ [UAP 69/1695] f09Ko75nLiA — Tier 1 (3m 29s)
[2026-05-21T19:03:54.008Z] ✅ [UAP 70/1695] HLKfSf0Bxi4 — Tier 2 (1m 7s)
[2026-05-21T19:08:13.098Z] ✅ [UAP 71/1695] FLj9kboBvsc — Tier 1 (5m 26s)
[2026-05-21T19:08:56.779Z] ✅ [UAP 72/1695] hQ4w-3IC-Zs — Tier 2 (6m 10s)
[2026-05-21T19:09:07.241Z] ⏭️  [UAP 73/1695] zsHElUux7ME — out_of_scope (10s)
[2026-05-21T19:09:45.420Z] ✅ [UAP 74/1695] vVr2Sdu2_P4 — Tier 2 (48s)
[2026-05-21T19:10:20.188Z] ✅ [UAP 75/1695] cccNomgX7sw — Tier 1 (1m 23s)
[2026-05-21T19:10:20.241Z] 📊 ── UAP Progress Report ──
[2026-05-21T19:10:20.241Z]    Processed: 75/1695 | ✅ 61 | ⏭️ 10 | ❌ 4
[2026-05-21T19:10:20.242Z]    Elapsed: 1h 14m | Avg: 59s/video | ETA: ~26h 54m
[2026-05-21T19:10:27.542Z] ⏭️  [UAP 76/1695] bqASr6qbeQc — no_captions (7s)
[2026-05-21T19:12:50.637Z] ✅ [UAP 77/1695] 3AtZmOCSF7k — Tier 2 (2m 30s)
[2026-05-21T19:13:11.753Z] ✅ [UAP 78/1695] hteTghPvIxs — Tier 2 (2m 51s)
[2026-05-21T19:13:49.395Z] ✅ [UAP 79/1695] 07qM-BG4p6Y — Tier 2 (37s)
[2026-05-21T19:16:22.876Z] ✅ [UAP 80/1695] zSM0Ncfe7iY — Tier 2 (3m 10s)
[2026-05-21T19:17:03.540Z] ✅ [UAP 81/1695] ONsita8Hk4c — Tier 2 (3m 51s)
[2026-05-21T19:17:41.611Z] ✅ [UAP 82/1695] LZVz1X3xil0 — Tier 2 (37s)
[2026-05-21T19:20:22.734Z] ✅ [UAP 83/1695] ZMJOYyyrDxw — Tier 2 (3m 18s)
[2026-05-21T19:21:58.147Z] ✅ [UAP 84/1695] rJgL3EhZGWc — Tier 1 (4m 54s)
[2026-05-21T19:22:29.778Z] ✅ [UAP 85/1695] 1VF_8i-scyU — Tier 2 (31s)
[2026-05-21T19:24:17.990Z] ✅ [UAP 86/1695] vQN-lWZZAyI — Tier 2 (2m 19s)
[2026-05-21T19:24:19.677Z] ✅ [UAP 87/1695] ZGmJU9YSOgg — Tier 1 (2m 21s)
[2026-05-21T19:25:25.161Z] ✅ [UAP 88/1695] bjVPiO54yj4 — Tier 1 (1m 5s)
[2026-05-21T19:26:32.076Z] ✅ [UAP 89/1695] YzqAJ_DwBwI — Tier 2 (2m 12s)
[2026-05-21T19:26:40.306Z] ✅ [UAP 90/1695] J3ckUtZ7zCE — Tier 2 (2m 20s)
[2026-05-21T19:27:34.668Z] ✅ [UAP 91/1695] IlLClNbrfHI — Tier 2 (54s)
[2026-05-21T19:28:37.224Z] ✅ [UAP 92/1695] 4uoIEBobf20 — Tier 2 (1m 56s)
[2026-05-21T19:29:49.285Z] ✅ [UAP 93/1695] HCFU7Lc4xvI — Tier 2 (3m 8s)
[2026-05-21T19:30:04.895Z] ❌ [UAP 94/1695] NbKWXjl9aE8 — FAILED: fetch failed (15s)
[2026-05-21T19:30:04.895Z] ⚠️  [UAP] Auto-retrying NbKWXjl9aE8 — caption fetch failed (attempt 1/3, backoff 30s)
[2026-05-21T19:32:36.198Z] ✅ [UAP 95/1695] qAIrAxfqrb0 — Tier 2 (2m 46s)
[2026-05-21T19:32:36.561Z] ✅ [UAP 96/1695] CeihyhQIOew — Tier 2 (2m 47s)
[2026-05-21T19:33:13.044Z] ✅ [UAP 97/1695] kfG63zTRfqE — Tier 2 (36s)
[2026-05-21T19:33:36.136Z] ✅ [UAP 98/1695] SarvBZ3LlmU — Tier 1 (59s)
[2026-05-21T19:36:17.872Z] ✅ [UAP 99/1695] NbKWXjl9aE8 — Tier 1 (3m 41s)
[2026-05-21T19:36:27.594Z] ⏭️  [UAP 100/1695] p_GRg4jOxEA — no_captions (9s)
[2026-05-21T19:36:48.440Z] ❌ [UAP 101/1695] 2wUIzrxeVbw — FAILED: Request timed out after 30s (30s)
[2026-05-21T19:36:48.440Z] ⚠️  [UAP] Auto-retrying 2wUIzrxeVbw — caption fetch failed (attempt 1/3, backoff 30s)
[2026-05-21T19:38:58.569Z] ✅ [UAP 102/1695] B9kCc4BnOGw — Tier 1 (2m 40s)
[2026-05-21T19:40:29.655Z] ✅ [UAP 103/1695] YE2eeyMH4S0 — Tier 2 (1m 30s)
[2026-05-21T19:40:45.318Z] ✅ [UAP 104/1695] 2wUIzrxeVbw — Tier 1 (1m 46s)
[2026-05-21T19:42:49.307Z] ✅ [UAP 105/1695] 4b-_HwIyR18 — Tier 2 (3m 50s)
[2026-05-21T19:44:59.650Z] ✅ [UAP 106/1695] Jcma4hh1GtI — Tier 2 (2m 10s)
[2026-05-21T19:45:02.211Z] ✅ [UAP 107/1695] q5ntj2HevdE — Tier 1 (2m 12s)
[2026-05-21T19:45:13.233Z] ✅ [UAP 108/1695] HDCIyNr4M8U — Tier 2 (2m 23s)
[2026-05-21T19:45:48.643Z] ✅ [UAP 109/1695] Y8RcD0a80A4 — Tier 2 (35s)
[2026-05-21T19:46:18.973Z] ✅ [UAP 110/1695] s2JWmmdZ124 — Tier 2 (1m 5s)
[2026-05-21T19:46:58.538Z] ✅ [UAP 111/1695] 0cReiXziUsw — Tier 2 (1m 45s)
[2026-05-21T19:47:50.218Z] ✅ [UAP 112/1695] Jmhf_TQ_w2M — Tier 2 (51s)
[2026-05-21T19:47:52.836Z] ✅ [UAP 113/1695] lrcpO1lZIgM — Tier 2 (54s)
[2026-05-21T19:51:23.128Z] ✅ [UAP 114/1695] K2P4dh2kUJg — Tier 2 (4m 24s)
[2026-05-21T19:52:02.879Z] ✅ [UAP 115/1695] 9lqz2i_u4Zs — Tier 1 (39s)
[2026-05-21T19:53:32.103Z] ✅ [UAP 116/1695] 0Hb6qw6Sqvo — Tier 1 (2m 8s)
[2026-05-21T20:00:40.187Z] ✅ [UAP 117/1695] rxKcnnEOInQ — Tier 1 (9m 16s)
[2026-05-21T20:00:50.823Z] ❌ [UAP 118/1695] gNaDRRLRnVw — FAILED: fetch failed (10s)
[2026-05-21T20:03:17.872Z] ✅ [UAP 119/1695] 1jH0Pjt2XvM — Tier 2 (2m 37s)
[2026-05-21T20:04:54.560Z] ✅ [UAP 120/1695] T-kYhvWmLec — Tier 1 (4m 13s)
[2026-05-21T20:05:40.251Z] ✅ [UAP 121/1695] RmbdxrYSJ34 — Tier 2 (45s)
[2026-05-21T20:07:11.961Z] ✅ [UAP 122/1695] JJgkiAH0wIs — Tier 2 (2m 17s)
