[2026-05-25T16:15:19.756Z] ━━━━━━━━━━━━━━━━━━━━━━━━━━━━━━━━━━━━━━━━━━━━━━━━━━━━━━━━━━
[2026-05-25T16:15:19.756Z] 🚀 Starting UAP rapid processing (concurrency: 3)
[2026-05-25T16:15:19.756Z] 🔄 Resetting stuck 'processing' videos...
[2026-05-25T16:15:19.877Z]    Reset 1 stuck videos to pending
[2026-05-25T16:15:19.958Z] 📊 Found 4084 pending UAP videos to process
[2026-05-25T16:15:19.958Z]    Log file: /Users/thomaswood/Documents/Antigravity/ProjectProfound/profound-archive/logs/rapid-process_uap_2026-05-25T16-15-19.log
[2026-05-25T16:15:19.958Z] ━━━━━━━━━━━━━━━━━━━━━━━━━━━━━━━━━━━━━━━━━━━━━━━━━━━━━━━━━━
[2026-05-25T16:15:25.991Z] ⏭️  [UAP 1/4084] E-YSDiclNBE — out_of_scope (5s)
[2026-05-25T16:16:09.398Z] ✅ [UAP 2/4084] 9rnh5DajMk0 — Tier 2 (49s)
[2026-05-25T16:17:36.838Z] ✅ [UAP 3/4084] 01LJplf8pKo — Tier 2 (2m 16s)
[2026-05-25T16:18:02.077Z] ✅ [UAP 4/4084] YzvRmWp8T5o — Tier 2 (25s)
[2026-05-25T16:18:49.101Z] ✅ [UAP 5/4084] ATrTUsDhbgY — Tier 1 (1m 11s)
[2026-05-25T16:19:18.245Z] ✅ [UAP 6/4084] hGT1GJM2utM — Tier 2 (1m 41s)
[2026-05-25T16:19:30.295Z] ⏭️  [UAP 7/4084] m83eJjNhXL0 — no_captions (11s)
[2026-05-25T16:20:49.464Z] ✅ [UAP 8/4084] afolkSKrKLY — Tier 2 (1m 30s)
[2026-05-25T16:22:02.989Z] ✅ [UAP 9/4084] RjQ9XdQWARA — Tier 2 (2m 44s)
[2026-05-25T16:24:22.945Z] ✅ [UAP 10/4084] g9nMj1P3qoA — Tier 2 (2m 19s)
[2026-05-25T16:25:00.606Z] ✅ [UAP 11/4084] iEykw0nxHTc — Tier 2 (2m 57s)
[2026-05-25T16:25:09.008Z] ✅ [UAP 12/4084] U2YPYdyN1O0 — Tier 2 (3m 5s)
[2026-05-25T16:25:15.054Z] ⏭️  [UAP 13/4084] oLgKNtcDs_8 — out_of_scope (5s)
[2026-05-25T16:26:00.512Z] ✅ [UAP 14/4084] ZpeN-mSdNr8 — Tier 2 (51s)
[2026-05-25T16:27:25.944Z] ✅ [UAP 15/4084] ltT-11le_Uw — Tier 2 (2m 16s)
[2026-05-25T16:28:38.476Z] ✅ [UAP 16/4084] EWZNBRzB5sQ — Tier 1 (1m 12s)
[2026-05-25T16:29:57.764Z] ✅ [UAP 17/4084] ItFMIWrTzOo — Tier 2 (2m 31s)
[2026-05-25T16:30:08.372Z] ✅ [UAP 18/4084] uEb4S4UcUBY — Tier 2 (2m 42s)
[2026-05-25T16:33:33.815Z] ✅ [UAP 19/4084] xJVRf9OaQVo — Tier 2 (3m 25s)
[2026-05-25T16:33:44.139Z] ✅ [UAP 20/4084] A44--8q_m7A — Tier 2 (3m 35s)
[2026-05-25T16:35:12.249Z] ✅ [UAP 21/4084] eIJJYQ3PjJo — Tier 1 (5m 3s)
[2026-05-25T16:36:17.508Z] ✅ [UAP 22/4084] Bg2KihxiYVg — Tier 1 (1m 4s)
[2026-05-25T16:37:57.989Z] ✅ [UAP 23/4084] dyGWhPkpPj4 — Tier 2 (2m 45s)
[2026-05-25T16:40:25.914Z] ✅ [UAP 24/4084] BqgpNUVOel0 — Tier 2 (5m 13s)
[2026-05-25T16:40:33.454Z] ⏭️  [UAP 25/4084] iOlNe50GZ-o — out_of_scope (7s)
[2026-05-25T16:42:30.032Z] ✅ [UAP 26/4084] DHeeVRpkLnQ — Tier 2 (2m 3s)
[2026-05-25T16:42:31.719Z] ✅ [UAP 27/4084] 9CdKoMRGqWI — Tier 1 (2m 5s)
[2026-05-25T16:45:36.376Z] ✅ [UAP 28/4084] wZwY2f3cAAo — Tier 2 (3m 4s)
[2026-05-25T16:45:48.366Z] ✅ [UAP 29/4084] WOHDEEvaFrQ — Tier 2 (3m 16s)
[2026-05-25T16:46:55.555Z] ✅ [UAP 30/4084] gSdp-FNFUek — Tier 2 (4m 23s)
[2026-05-25T16:47:53.774Z] ✅ [UAP 31/4084] MvWAtQbpn5Y — Tier 2 (58s)
[2026-05-25T16:47:58.321Z] ✅ [UAP 32/4084] MSGot93J1Ow — Tier 2 (1m 2s)
[2026-05-25T16:48:56.837Z] ✅ [UAP 33/4084] qCvTKRKC4Ws — Tier 1 (2m 1s)
[2026-05-25T16:49:51.874Z] ✅ [UAP 34/4084] cCdMVDnRoKo — Tier 2 (54s)
[2026-05-25T16:49:58.659Z] ✅ [UAP 35/4084] LtqA1B3P8O4 — Tier 2 (1m 1s)
[2026-05-25T16:50:05.532Z] ✅ [UAP 36/4084] KIFbwxM8nEM — Tier 2 (1m 8s)
[2026-05-25T16:50:05.892Z] ❌ [UAP 37/4084] m26BP0nsmX8 — FAILED: Video not found on YouTube (0s)
[2026-05-25T16:52:55.635Z] ✅ [UAP 38/4084] tNQEVADh7Gk — Tier 1 (2m 49s)
[2026-05-25T16:53:44.495Z] ✅ [UAP 39/4084] AKzGMKiKPRs — Tier 1 (3m 38s)
