[2026-05-20T14:45:25.931Z] ━━━━━━━━━━━━━━━━━━━━━━━━━━━━━━━━━━━━━━━━━━━━━━━━━━━━━━━━━━
[2026-05-20T14:45:25.931Z] 🚀 Starting UAP rapid processing (concurrency: 3)
[2026-05-20T14:45:25.931Z] 🔄 Resetting stuck 'processing' videos...
[2026-05-20T14:45:26.401Z]    Reset 7 stuck videos to pending
[2026-05-20T14:45:26.462Z] 📊 Found 2402 pending UAP videos to process
[2026-05-20T14:45:26.462Z]    Log file: /Users/thomaswood/Documents/Antigravity/ProjectProfound/profound-archive/logs/rapid-process_uap_2026-05-20T14-45-25.log
[2026-05-20T14:45:26.462Z] ━━━━━━━━━━━━━━━━━━━━━━━━━━━━━━━━━━━━━━━━━━━━━━━━━━━━━━━━━━
[2026-05-20T14:45:26.924Z] ❌ [UAP 1/2402] Tz9z0svHx3s — FAILED: Video not found on YouTube (0s)
[2026-05-20T14:46:43.925Z] ✅ [UAP 2/2402] 0H-r5QzJnuM — Tier 1 (1m 17s)
[2026-05-20T14:47:57.763Z] ✅ [UAP 3/2402] KUyGnFFilP0 — Tier 1 (2m 31s)
[2026-05-20T14:48:35.175Z] ✅ [UAP 4/2402] 6-m_dcJXz04 — Tier 2 (37s)
[2026-05-20T14:48:59.375Z] ✅ [UAP 5/2402] _5o0ymdIWqc — Tier 1 (1m 1s)
[2026-05-20T14:49:05.891Z] ✅ [UAP 6/2402] mjo-RqASuB0 — Tier 2 (1m 7s)
[2026-05-20T14:49:06.383Z] ⏭️  [UAP 7/2402] 4uYTTbMwgyc — is_short (0s)
[2026-05-20T14:49:12.788Z] ⏭️  [UAP 8/2402] Va-PEMC8Wqg — no_captions (6s)
[2026-05-20T14:51:59.642Z] ✅ [UAP 9/2402] tvUfdN2fyww — Tier 2 (2m 53s)
[2026-05-20T14:52:41.370Z] ✅ [UAP 10/2402] RJgWqUEa2xc — Tier 2 (41s)
[2026-05-20T14:55:43.172Z] ✅ [UAP 11/2402] 2tl4mUpgVQU — Tier 1 (3m 43s)
[2026-05-20T14:58:43.874Z] ✅ [UAP 12/2402] RaLHSw_Xp2M — Tier 1 (6m 43s)
[2026-05-20T14:58:44.487Z] ⏭️  [UAP 13/2402] R2jzk_vXx8s — is_short (0s)
[2026-05-20T14:59:12.938Z] ✅ [UAP 14/2402] q8WP8fHie4A — Tier 2 (28s)
[2026-05-20T14:59:53.645Z] ✅ [UAP 15/2402] ETdAX7fwZV8 — Tier 1 (1m 9s)
[2026-05-20T15:02:25.045Z] ✅ [UAP 16/2402] jiKRCZHnzvs — Tier 1 (2m 31s)
[2026-05-20T15:02:30.388Z] ✅ [UAP 17/2402] L-23Dy5-RqQ — Tier 1 (2m 36s)
[2026-05-20T15:03:58.153Z] ✅ [UAP 18/2402] W49DXP4F4lc — Tier 1 (4m 4s)
[2026-05-20T15:05:03.185Z] ✅ [UAP 19/2402] cLLd_ReMwpg — Tier 2 (1m 4s)
[2026-05-20T15:05:48.609Z] ✅ [UAP 20/2402] sK7bMzgH3rM — Tier 2 (1m 50s)
[2026-05-20T15:06:00.880Z] ✅ [UAP 21/2402] w_iZBnu1W34 — Tier 2 (2m 2s)
[2026-05-20T15:06:01.348Z] ⏭️  [UAP 22/2402] e3XtOB4CPKw — is_short (0s)
[2026-05-20T15:06:33.057Z] ✅ [UAP 23/2402] l1OQuK5bHt4 — Tier 2 (31s)
[2026-05-20T15:07:16.118Z] ✅ [UAP 24/2402] I1FZWZqAjUQ — Tier 2 (1m 14s)
[2026-05-20T15:08:31.858Z] ✅ [UAP 25/2402] fuEcnFRzhmE — Tier 1 (1m 15s)
[2026-05-20T15:09:21.045Z] ✅ [UAP 26/2402] n3OoI0Ox95o — Tier 2 (2m 4s)
[2026-05-20T15:10:11.429Z] ✅ [UAP 27/2402] ABDlCbumob0 — Tier 2 (2m 55s)
[2026-05-20T15:10:11.960Z] ⏭️  [UAP 28/2402] IzAEsG5SWCI — is_short (0s)
[2026-05-20T15:10:59.659Z] ✅ [UAP 29/2402] WODrvBg9L6Q — Tier 2 (47s)
[2026-05-20T15:11:10.983Z] ✅ [UAP 30/2402] 5zfRCZHmCpA — Tier 1 (59s)
[2026-05-20T15:11:53.220Z] ✅ [UAP 31/2402] m9QfiKj4Dj8 — Tier 2 (41s)
[2026-05-20T15:12:37.451Z] ✅ [UAP 32/2402] nCyHErfGk9E — Tier 2 (1m 26s)
[2026-05-20T15:13:05.378Z] ✅ [UAP 33/2402] ZPTmhDPw4Sg — Tier 1 (1m 54s)
[2026-05-20T15:13:55.577Z] ✅ [UAP 34/2402] NFllWRa1sFA — Tier 2 (49s)
[2026-05-20T15:14:17.421Z] ✅ [UAP 35/2402] YiN9dyhBF_o — Tier 1 (1m 11s)
[2026-05-20T15:14:36.268Z] ✅ [UAP 36/2402] ilj6ELdwW5Y — Tier 2 (1m 30s)
[2026-05-20T15:14:36.663Z] ⏭️  [UAP 37/2402] wVRsBa1jNrs — is_short (0s)
[2026-05-20T15:14:36.743Z] ⏭️  [UAP 38/2402] NEEERYA8DvA — is_short (0s)
[2026-05-20T15:17:44.005Z] ✅ [UAP 39/2402] K7UHRJ1QNGM — Tier 2 (3m 7s)
[2026-05-20T15:18:56.959Z] ✅ [UAP 40/2402] jBrhq9SsJRs — Tier 2 (1m 12s)
[2026-05-20T15:19:38.839Z] ✅ [UAP 41/2402] 1LwI8VNqclA — Tier 2 (1m 54s)
